Archive member included to satisfy reference by file (symbol)

/usr/lib/gcc/avr/14.1.0/avr5/libgcc.a(_exit.o)
                              /usr/lib/gcc/avr/14.1.0/../../../../avr/lib/avr5/crtatmega324pa.o (exit)

There are no discarded input sections

Memory Configuration

Name             Origin             Length             Attributes
text             0x00000000         0x00008000         xr
data             0x00800100         0x00000800         rw!x
eeprom           0x00810000         0x00000400         rw!x
fuse             0x00820000         0x00000003         rw!x
lock             0x00830000         0x00000400         rw!x
signature        0x00840000         0x00000400         rw!x
user_signatures  0x00850000         0x00000400         rw!x
*default*        0x00000000         0xffffffff

Linker script and memory map

Address of section .data set to 0x800100
LOAD /usr/lib/gcc/avr/14.1.0/../../../../avr/lib/avr5/crtatmega324pa.o
LOAD button.o
LOAD motor.o
LOAD Timer.o
LOAD Wheel.o
LOAD /usr/lib/gcc/avr/14.1.0/../../../../avr/lib/avr5/libm.a
START GROUP
LOAD /usr/lib/gcc/avr/14.1.0/avr5/libgcc.a
LOAD /usr/lib/gcc/avr/14.1.0/../../../../avr/lib/avr5/libm.a
LOAD /usr/lib/gcc/avr/14.1.0/../../../../avr/lib/avr5/libc.a
LOAD /usr/lib/gcc/avr/14.1.0/../../../../avr/lib/avr5/libatmega324pa.a
END GROUP
                [0x00000000]                      __TEXT_REGION_ORIGIN__ = DEFINED (__TEXT_REGION_ORIGIN__)?__TEXT_REGION_ORIGIN__:0x0
                [0x00008000]                      __TEXT_REGION_LENGTH__ = DEFINED (__TEXT_REGION_LENGTH__)?__TEXT_REGION_LENGTH__:0x20000
                [0x00800100]                      __DATA_REGION_ORIGIN__ = DEFINED (__DATA_REGION_ORIGIN__)?__DATA_REGION_ORIGIN__:0x800060
                [0x00000800]                      __DATA_REGION_LENGTH__ = DEFINED (__DATA_REGION_LENGTH__)?__DATA_REGION_LENGTH__:0xffa0
                [0x00000400]                      __EEPROM_REGION_LENGTH__ = DEFINED (__EEPROM_REGION_LENGTH__)?__EEPROM_REGION_LENGTH__:0x10000
                [0x00000003]                      __FUSE_REGION_LENGTH__ = DEFINED (__FUSE_REGION_LENGTH__)?__FUSE_REGION_LENGTH__:0x400
                0x00000400                        __LOCK_REGION_LENGTH__ = DEFINED (__LOCK_REGION_LENGTH__)?__LOCK_REGION_LENGTH__:0x400
                0x00000400                        __SIGNATURE_REGION_LENGTH__ = DEFINED (__SIGNATURE_REGION_LENGTH__)?__SIGNATURE_REGION_LENGTH__:0x400
                0x00000400                        __USER_SIGNATURE_REGION_LENGTH__ = DEFINED (__USER_SIGNATURE_REGION_LENGTH__)?__USER_SIGNATURE_REGION_LENGTH__:0x400

.hash
 *(.hash)

.dynsym
 *(.dynsym)

.dynstr
 *(.dynstr)

.gnu.version
 *(.gnu.version)

.gnu.version_d
 *(.gnu.version_d)

.gnu.version_r
 *(.gnu.version_r)

.rel.init
 *(.rel.init)

.rela.init
 *(.rela.init)

.rel.text
 *(.rel.text)
 *(.rel.text.*)
 *(.rel.gnu.linkonce.t*)

.rela.text
 *(.rela.text)
 *(.rela.text.*)
 *(.rela.gnu.linkonce.t*)

.rel.fini
 *(.rel.fini)

.rela.fini
 *(.rela.fini)

.rel.rodata
 *(.rel.rodata)
 *(.rel.rodata.*)
 *(.rel.gnu.linkonce.r*)

.rela.rodata
 *(.rela.rodata)
 *(.rela.rodata.*)
 *(.rela.gnu.linkonce.r*)

.rel.data
 *(.rel.data)
 *(.rel.data.*)
 *(.rel.gnu.linkonce.d*)

.rela.data
 *(.rela.data)
 *(.rela.data.*)
 *(.rela.gnu.linkonce.d*)

.rel.ctors
 *(.rel.ctors)

.rela.ctors
 *(.rela.ctors)

.rel.dtors
 *(.rel.dtors)

.rela.dtors
 *(.rela.dtors)

.rel.got
 *(.rel.got)

.rela.got
 *(.rela.got)

.rel.bss
 *(.rel.bss)

.rela.bss
 *(.rela.bss)

.rel.plt
 *(.rel.plt)

.rela.plt
 *(.rela.plt)

.text           0x00000000      0x3b2
 *(.vectors)
 .vectors       0x00000000       0x7c /usr/lib/gcc/avr/14.1.0/../../../../avr/lib/avr5/crtatmega324pa.o
                0x00000000                __vectors
                0x00000000                __vector_default
 *(.vectors)
 *(.progmem.gcc*)
                0x0000007c                        . = ALIGN (0x2)
                0x0000007c                        __trampolines_start = .
 *(.trampolines)
 .trampolines   0x0000007c        0x0 linker stubs
 *(.trampolines*)
                0x0000007c                        __trampolines_end = .
 *libprintf_flt.a:*(.progmem.data)
 *libc.a:*(.progmem.data)
 *(.progmem.*)
                0x0000007c                        . = ALIGN (0x2)
 *(.lowtext)
 *(.lowtext*)
                0x0000007c                        __ctors_start = .
 *(.ctors)
                0x0000007c                        __ctors_end = .
                0x0000007c                        __dtors_start = .
 *(.dtors)
                0x0000007c                        __dtors_end = .
 SORT_BY_NAME(*)(.ctors)
 SORT_BY_NAME(*)(.dtors)
 *(.init0)
 .init0         0x0000007c        0x0 /usr/lib/gcc/avr/14.1.0/../../../../avr/lib/avr5/crtatmega324pa.o
                0x0000007c                __init
 *(.init0)
 *(.init1)
 *(.init1)
 *(.init2)
 .init2         0x0000007c        0xc /usr/lib/gcc/avr/14.1.0/../../../../avr/lib/avr5/crtatmega324pa.o
 *(.init2)
 *(.init3)
 *(.init3)
 *(.init4)
 *(.init4)
 *(.init5)
 *(.init5)
 *(.init6)
 *(.init6)
 *(.init7)
 *(.init7)
 *(.init8)
 *(.init8)
 *(.init9)
 .init9         0x00000088        0x8 /usr/lib/gcc/avr/14.1.0/../../../../avr/lib/avr5/crtatmega324pa.o
 *(.init9)
 *(.text)
 .text          0x00000090        0x4 /usr/lib/gcc/avr/14.1.0/../../../../avr/lib/avr5/crtatmega324pa.o
                0x00000090                __vector_22
                0x00000090                __vector_28
                0x00000090                __vector_1
                0x00000090                __vector_24
                0x00000090                __vector_12
                0x00000090                __bad_interrupt
                0x00000090                __vector_6
                0x00000090                __vector_3
                0x00000090                __vector_23
                0x00000090                __vector_30
                0x00000090                __vector_25
                0x00000090                __vector_11
                0x00000090                __vector_13
                0x00000090                __vector_17
                0x00000090                __vector_19
                0x00000090                __vector_7
                0x00000090                __vector_27
                0x00000090                __vector_5
                0x00000090                __vector_4
                0x00000090                __vector_9
                0x00000090                __vector_2
                0x00000090                __vector_21
                0x00000090                __vector_15
                0x00000090                __vector_29
                0x00000090                __vector_8
                0x00000090                __vector_26
                0x00000090                __vector_14
                0x00000090                __vector_10
                0x00000090                __vector_16
                0x00000090                __vector_18
                0x00000090                __vector_20
 .text          0x00000094       0x32 button.o
                0x00000094                _ZN6ButtonC1ENS_4ModeE
                0x00000094                _ZN6ButtonC2ENS_4ModeE
                0x000000aa                _ZN6Button9isPressedEv
 .text          0x000000c6       0x9c motor.o
                0x000000c6                _ZN5MotorC1Ev
                0x000000c6                _ZN5MotorC2Ev
                0x00000110                _ZN5Motor9goForwardEhh
                0x0000012e                _ZN5Motor10goBackwardEhh
                0x0000014c                _ZN5Motor4stopEv
 .text          0x00000162      0x1c6 Timer.o
                0x00000162                _ZN5TimerC2ENS_2IdE
                0x00000162                _ZN5TimerC1ENS_2IdE
                0x000001c4                _ZN5Timer13setPrescaler_ENS_9PrescalerE
                0x00000214                _ZN5Timer10setModePWMENS_7PWMModeENS_9PrescalerE
                0x00000286                _ZN5Timer10setModeCTCENS_9PrescalerE
                0x000002c2                _ZN5Timer7setOCRAEj
                0x000002f0                _ZN5Timer7setOCRBEj
                0x0000031e                _ZN5Timer9stopTimerEv
 .text          0x00000328       0x86 Wheel.o
                0x00000328                _ZN5WheelC2ER5TimerhNS_3OCRE
                0x00000328                _ZN5WheelC1ER5TimerhNS_3OCRE
                0x0000034a                _ZN5Wheel16adjustSpeedValueEh
                0x0000036e                _ZN5Wheel9goForwardEh
                0x0000038c                _ZN5Wheel10goBackwardEh
                0x000003a8                _ZN5Wheel4stopEv
 .text          0x000003ae        0x0 /usr/lib/gcc/avr/14.1.0/avr5/libgcc.a(_exit.o)
                0x000003ae                        . = ALIGN (0x2)
 *(.text.*)
 .text.libgcc.mul
                0x000003ae        0x0 /usr/lib/gcc/avr/14.1.0/avr5/libgcc.a(_exit.o)
 .text.libgcc.div
                0x000003ae        0x0 /usr/lib/gcc/avr/14.1.0/avr5/libgcc.a(_exit.o)
 .text.libgcc   0x000003ae        0x0 /usr/lib/gcc/avr/14.1.0/avr5/libgcc.a(_exit.o)
 .text.libgcc.prologue
                0x000003ae        0x0 /usr/lib/gcc/avr/14.1.0/avr5/libgcc.a(_exit.o)
 .text.libgcc.builtins
                0x000003ae        0x0 /usr/lib/gcc/avr/14.1.0/avr5/libgcc.a(_exit.o)
 .text.libgcc.fmul
                0x000003ae        0x0 /usr/lib/gcc/avr/14.1.0/avr5/libgcc.a(_exit.o)
 .text.libgcc.fixed
                0x000003ae        0x0 /usr/lib/gcc/avr/14.1.0/avr5/libgcc.a(_exit.o)
                0x000003ae                        . = ALIGN (0x2)
 *(.fini9)
 .fini9         0x000003ae        0x0 /usr/lib/gcc/avr/14.1.0/avr5/libgcc.a(_exit.o)
                0x000003ae                exit
                0x000003ae                _exit
 *(.fini9)
 *(.fini8)
 *(.fini8)
 *(.fini7)
 *(.fini7)
 *(.fini6)
 *(.fini6)
 *(.fini5)
 *(.fini5)
 *(.fini4)
 *(.fini4)
 *(.fini3)
 *(.fini3)
 *(.fini2)
 *(.fini2)
 *(.fini1)
 *(.fini1)
 *(.fini0)
 .fini0         0x000003ae        0x4 /usr/lib/gcc/avr/14.1.0/avr5/libgcc.a(_exit.o)
 *(.fini0)
 *(.hightext)
 *(.hightext*)
 *(.progmemx.*)
                0x000003b2                        . = ALIGN (0x2)
 *(.jumptables)
 *(.jumptables*)
                0x000003b2                        _etext = .

.data           0x00800100        0x0 load address 0x000003b2
                [!provide]                        PROVIDE (__data_start = .)
 *(.data)
 .data          0x00800100        0x0 /usr/lib/gcc/avr/14.1.0/../../../../avr/lib/avr5/crtatmega324pa.o
 .data          0x00800100        0x0 button.o
 .data          0x00800100        0x0 motor.o
 .data          0x00800100        0x0 Timer.o
 .data          0x00800100        0x0 Wheel.o
 .data          0x00800100        0x0 /usr/lib/gcc/avr/14.1.0/avr5/libgcc.a(_exit.o)
 *(.data*)
 *(.gnu.linkonce.d*)
 *(.rodata)
 *(.rodata*)
 *(.gnu.linkonce.r*)
                0x00800100                        . = ALIGN (0x2)
                0x00800100                        _edata = .
                [!provide]                        PROVIDE (__data_end = .)

.bss            0x00800100        0x0
                [!provide]                        PROVIDE (__bss_start = .)
 *(.bss)
 .bss           0x00800100        0x0 /usr/lib/gcc/avr/14.1.0/../../../../avr/lib/avr5/crtatmega324pa.o
 .bss           0x00800100        0x0 button.o
 .bss           0x00800100        0x0 motor.o
 .bss           0x00800100        0x0 Timer.o
 .bss           0x00800100        0x0 Wheel.o
 .bss           0x00800100        0x0 /usr/lib/gcc/avr/14.1.0/avr5/libgcc.a(_exit.o)
 *(.bss*)
 *(COMMON)
                [!provide]                        PROVIDE (__bss_end = .)
                0x000003b2                        __data_load_start = LOADADDR (.data)
                0x000003b2                        __data_load_end = (__data_load_start + SIZEOF (.data))

.noinit         0x00800100        0x0
                [!provide]                        PROVIDE (__noinit_start = .)
 *(.noinit .noinit.* .gnu.linkonce.n.*)
                [!provide]                        PROVIDE (__noinit_end = .)
                0x00800100                        _end = .
                [!provide]                        PROVIDE (__heap_start = .)
                [!provide]                        PROVIDE (__flmap_init_label = DEFINED (__flmap_noinit_start)?__flmap_noinit_start:0x0)
                [!provide]                        PROVIDE (__flmap = DEFINED (__flmap)?__flmap:0x0)

.eeprom         0x00810000        0x0
 *(.eeprom*)
                0x00810000                        __eeprom_end = .

.fuse
 *(.fuse)
 *(.lfuse)
 *(.hfuse)
 *(.efuse)

.lock
 *(.lock*)

.signature
 *(.signature*)

.stab
 *(.stab)

.stabstr
 *(.stabstr)

.stab.excl
 *(.stab.excl)

.stab.exclstr
 *(.stab.exclstr)

.stab.index
 *(.stab.index)

.stab.indexstr
 *(.stab.indexstr)

.comment        0x00000000       0x22
 *(.comment)
 .comment       0x00000000       0x22 button.o
                                 0x23 (size before relaxing)
 .comment       0x00000022       0x23 motor.o
 .comment       0x00000022       0x23 Timer.o
 .comment       0x00000022       0x23 Wheel.o

.note.gnu.avr.deviceinfo
                0x00000000       0x40
 .note.gnu.avr.deviceinfo
                0x00000000       0x40 /usr/lib/gcc/avr/14.1.0/../../../../avr/lib/avr5/crtatmega324pa.o

.gnu.build.attributes
 *(.gnu.build.attributes .gnu.build.attributes.*)

.note.gnu.build-id
 *(.note.gnu.build-id)

.debug
 *(.debug)

.line
 *(.line)

.debug_srcinfo
 *(.debug_srcinfo)

.debug_sfnames
 *(.debug_sfnames)

.debug_aranges  0x00000000       0xa0
 *(.debug_aranges)
 .debug_aranges
                0x00000000       0x20 button.o
 .debug_aranges
                0x00000020       0x20 motor.o
 .debug_aranges
                0x00000040       0x20 Timer.o
 .debug_aranges
                0x00000060       0x20 Wheel.o
 .debug_aranges
                0x00000080       0x20 /usr/lib/gcc/avr/14.1.0/avr5/libgcc.a(_exit.o)

.debug_pubnames
 *(.debug_pubnames)

.debug_info     0x00000000     0x1901
 *(.debug_info .gnu.linkonce.wi.*)
 .debug_info    0x00000000      0x6cc /usr/lib/gcc/avr/14.1.0/../../../../avr/lib/avr5/crtatmega324pa.o
 .debug_info    0x000006cc      0x202 button.o
 .debug_info    0x000008ce      0x6aa motor.o
 .debug_info    0x00000f78      0x409 Timer.o
 .debug_info    0x00001381      0x55c Wheel.o
 .debug_info    0x000018dd       0x24 /usr/lib/gcc/avr/14.1.0/avr5/libgcc.a(_exit.o)

.debug_abbrev   0x00000000      0xe18
 *(.debug_abbrev)
 .debug_abbrev  0x00000000      0x66e /usr/lib/gcc/avr/14.1.0/../../../../avr/lib/avr5/crtatmega324pa.o
 .debug_abbrev  0x0000066e      0x1ac button.o
 .debug_abbrev  0x0000081a      0x1fe motor.o
 .debug_abbrev  0x00000a18      0x1b8 Timer.o
 .debug_abbrev  0x00000bd0      0x234 Wheel.o
 .debug_abbrev  0x00000e04       0x14 /usr/lib/gcc/avr/14.1.0/avr5/libgcc.a(_exit.o)

.debug_line     0x00000000      0xb38
 *(.debug_line .debug_line.* .debug_line_end)
 .debug_line    0x00000000       0x1d /usr/lib/gcc/avr/14.1.0/../../../../avr/lib/avr5/crtatmega324pa.o
 .debug_line    0x0000001d      0x114 button.o
 .debug_line    0x00000131      0x1a5 motor.o
 .debug_line    0x000002d6      0x625 Timer.o
 .debug_line    0x000008fb      0x1ec Wheel.o
 .debug_line    0x00000ae7       0x51 /usr/lib/gcc/avr/14.1.0/avr5/libgcc.a(_exit.o)

.debug_frame    0x00000000      0x1d0
 *(.debug_frame)
 .debug_frame   0x00000000       0x34 button.o
 .debug_frame   0x00000034       0x94 motor.o
 .debug_frame   0x000000c8       0xa4 Timer.o
 .debug_frame   0x0000016c       0x64 Wheel.o

.debug_str      0x00000000      0x85f
 *(.debug_str)
 .debug_str     0x00000000      0x255 /usr/lib/gcc/avr/14.1.0/../../../../avr/lib/avr5/crtatmega324pa.o
 .debug_str     0x00000255      0x60a button.o
                                0x21c (size before relaxing)
 .debug_str     0x0000085f      0x4b4 motor.o
 .debug_str     0x0000085f      0x33d Timer.o
 .debug_str     0x0000085f      0x419 Wheel.o
 .debug_str     0x0000085f       0x7d /usr/lib/gcc/avr/14.1.0/avr5/libgcc.a(_exit.o)

.debug_loc
 *(.debug_loc)

.debug_macinfo
 *(.debug_macinfo)

.debug_weaknames
 *(.debug_weaknames)

.debug_funcnames
 *(.debug_funcnames)

.debug_typenames
 *(.debug_typenames)

.debug_varnames
 *(.debug_varnames)

.debug_pubtypes
 *(.debug_pubtypes)

.debug_ranges
 *(.debug_ranges)

.debug_addr
 *(.debug_addr)

.debug_line_str
                0x00000000      0x131
 *(.debug_line_str)
 .debug_line_str
                0x00000000      0x131 button.o
                                 0xd0 (size before relaxing)
 .debug_line_str
                0x00000131       0xc2 motor.o
 .debug_line_str
                0x00000131       0xae Timer.o
 .debug_line_str
                0x00000131       0xb8 Wheel.o
 .debug_line_str
                0x00000131       0x71 /usr/lib/gcc/avr/14.1.0/avr5/libgcc.a(_exit.o)

.debug_loclists
                0x00000000      0x5cd
 *(.debug_loclists)
 .debug_loclists
                0x00000000       0x85 button.o
 .debug_loclists
                0x00000085      0x163 motor.o
 .debug_loclists
                0x000001e8      0x231 Timer.o
 .debug_loclists
                0x00000419      0x1b4 Wheel.o

.debug_macro
 *(.debug_macro)

.debug_names
 *(.debug_names)

.debug_rnglists
                0x00000000       0x13
 *(.debug_rnglists)
 .debug_rnglists
                0x00000000       0x13 Wheel.o

.debug_str_offsets
 *(.debug_str_offsets)

.debug_sup
 *(.debug_sup)
OUTPUT(motor.elf elf32-avr)
LOAD linker stubs
