Membre d'archive inclu pour satisfaire la référence par fichier (symbole)

../lib//libstatique.a(button.o)
                              main.o (_ZN6ButtonC1ENS_4ModeENS_8LocationE)
../lib//libstatique.a(interpreter.o)
                              main.o (_ZN11InterpreterC1Ev)
../lib//libstatique.a(LED.o)  main.o (_ZN3LED3offEv)
../lib//libstatique.a(memoire_24.o)
                              main.o (_ZN13Memoire24CXXXD1Ev)
../lib//libstatique.a(memoryReader.o)
                              ../lib//libstatique.a(interpreter.o) (_ZN6MemoryC1Ev)
../lib//libstatique.a(motor.o)
                              main.o (_ZN5MotorC1Ev)
../lib//libstatique.a(robot.o)
                              ../lib//libstatique.a(interpreter.o) (_ZN5Robot4waitEj)
../lib//libstatique.a(sound.o)
                              main.o (_ZN5SoundC1Ev)
../lib//libstatique.a(timer.o)
                              main.o (_ZN5TimerC1ENS_2IdE)
../lib//libstatique.a(UART.o)
                              main.o (_ZN4UARTC1Ev)
../lib//libstatique.a(wheel.o)
                              ../lib//libstatique.a(motor.o) (_ZN5WheelC1ER5TimerhNS_3OCRE)
/usr/lib/gcc/avr/7.3.0/avr5/libgcc.a(_udivmodhi4.o)
                              ../lib//libstatique.a(motor.o) (__udivmodhi4)
/usr/lib/gcc/avr/7.3.0/avr5/libgcc.a(_exit.o)
                              /usr/lib/gcc/avr/7.3.0/../../../avr/lib/avr5/crtatmega324pa.o (exit)
/usr/lib/gcc/avr/7.3.0/avr5/libgcc.a(_copy_data.o)
                              main.o (__do_copy_data)
/usr/lib/gcc/avr/7.3.0/avr5/libgcc.a(_clear_bss.o)
                              main.o (__do_clear_bss)
/usr/lib/gcc/avr/7.3.0/avr5/libgcc.a(_ctors.o)
                              main.o (__do_global_ctors)
/usr/lib/gcc/avr/7.3.0/avr5/libgcc.a(_dtors.o)
                              main.o (__do_global_dtors)
/usr/lib/gcc/avr/7.3.0/avr5/libgcc.a(_tablejump2.o)
                              /usr/lib/gcc/avr/7.3.0/avr5/libgcc.a(_ctors.o) (__tablejump2__)
/usr/lib/gcc/avr/7.3.0/../../../avr/lib/avr5/libm.a(divsf3.o)
                              ../lib//libstatique.a(sound.o) (__divsf3)
/usr/lib/gcc/avr/7.3.0/../../../avr/lib/avr5/libm.a(divsf3x.o)
                              /usr/lib/gcc/avr/7.3.0/../../../avr/lib/avr5/libm.a(divsf3.o) (__divsf3x)
/usr/lib/gcc/avr/7.3.0/../../../avr/lib/avr5/libm.a(fixunssfsi.o)
                              ../lib//libstatique.a(sound.o) (__fixunssfsi)
/usr/lib/gcc/avr/7.3.0/../../../avr/lib/avr5/libm.a(fp_inf.o)
                              /usr/lib/gcc/avr/7.3.0/../../../avr/lib/avr5/libm.a(divsf3x.o) (__fp_inf)
/usr/lib/gcc/avr/7.3.0/../../../avr/lib/avr5/libm.a(fp_nan.o)
                              /usr/lib/gcc/avr/7.3.0/../../../avr/lib/avr5/libm.a(divsf3x.o) (__fp_nan)
/usr/lib/gcc/avr/7.3.0/../../../avr/lib/avr5/libm.a(fp_pscA.o)
                              /usr/lib/gcc/avr/7.3.0/../../../avr/lib/avr5/libm.a(divsf3x.o) (__fp_pscA)
/usr/lib/gcc/avr/7.3.0/../../../avr/lib/avr5/libm.a(fp_pscB.o)
                              /usr/lib/gcc/avr/7.3.0/../../../avr/lib/avr5/libm.a(divsf3x.o) (__fp_pscB)
/usr/lib/gcc/avr/7.3.0/../../../avr/lib/avr5/libm.a(fp_round.o)
                              /usr/lib/gcc/avr/7.3.0/../../../avr/lib/avr5/libm.a(divsf3.o) (__fp_round)
/usr/lib/gcc/avr/7.3.0/../../../avr/lib/avr5/libm.a(fp_split3.o)
                              /usr/lib/gcc/avr/7.3.0/../../../avr/lib/avr5/libm.a(divsf3x.o) (__fp_split3)
/usr/lib/gcc/avr/7.3.0/../../../avr/lib/avr5/libm.a(fp_zero.o)
                              /usr/lib/gcc/avr/7.3.0/../../../avr/lib/avr5/libm.a(fixunssfsi.o) (__fp_zero)
/usr/lib/gcc/avr/7.3.0/../../../avr/lib/avr5/libm.a(mulsf3.o)
                              ../lib//libstatique.a(sound.o) (__mulsf3)
/usr/lib/gcc/avr/7.3.0/../../../avr/lib/avr5/libm.a(mulsf3x.o)
                              /usr/lib/gcc/avr/7.3.0/../../../avr/lib/avr5/libm.a(mulsf3.o) (__mulsf3x)

Sections d'entrée éliminées

 .group         0x0000000000000000        0x8 main.o

Configuration mémoire

Nom              Origine            Longueur           Attributs
text             0x0000000000000000 0x0000000000008000 xr
data             0x0000000000800100 0x0000000000000800 rw !x
eeprom           0x0000000000810000 0x0000000000000400 rw !x
fuse             0x0000000000820000 0x0000000000000003 rw !x
lock             0x0000000000830000 0x0000000000000400 rw !x
signature        0x0000000000840000 0x0000000000000400 rw !x
user_signatures  0x0000000000850000 0x0000000000000400 rw !x
*default*        0x0000000000000000 0xffffffffffffffff

Script de l'éditeurs de liens and table de projection mémoire

Adresse de la section .data initialisé à 0x800100
LOAD /usr/lib/gcc/avr/7.3.0/../../../avr/lib/avr5/crtatmega324pa.o
LOAD main.o
LOAD /usr/lib/gcc/avr/7.3.0/../../../avr/lib/avr5/libm.a
LOAD ../lib//libstatique.a
START GROUP
LOAD /usr/lib/gcc/avr/7.3.0/avr5/libgcc.a
LOAD /usr/lib/gcc/avr/7.3.0/../../../avr/lib/avr5/libm.a
LOAD /usr/lib/gcc/avr/7.3.0/../../../avr/lib/avr5/libc.a
LOAD /usr/lib/gcc/avr/7.3.0/../../../avr/lib/avr5/libatmega324pa.a
END GROUP
                0x0000000000000000                __TEXT_REGION_ORIGIN__ = DEFINED (__TEXT_REGION_ORIGIN__)?__TEXT_REGION_ORIGIN__:0x0
                [0x0000000000800100]                __DATA_REGION_ORIGIN__ = DEFINED (__DATA_REGION_ORIGIN__)?__DATA_REGION_ORIGIN__:0x800060
                [0x0000000000008000]                __TEXT_REGION_LENGTH__ = DEFINED (__TEXT_REGION_LENGTH__)?__TEXT_REGION_LENGTH__:0x20000
                [0x0000000000000800]                __DATA_REGION_LENGTH__ = DEFINED (__DATA_REGION_LENGTH__)?__DATA_REGION_LENGTH__:0xffa0
                [0x0000000000000400]                __EEPROM_REGION_LENGTH__ = DEFINED (__EEPROM_REGION_LENGTH__)?__EEPROM_REGION_LENGTH__:0x10000
                [0x0000000000000003]                __FUSE_REGION_LENGTH__ = DEFINED (__FUSE_REGION_LENGTH__)?__FUSE_REGION_LENGTH__:0x400
                0x0000000000000400                __LOCK_REGION_LENGTH__ = DEFINED (__LOCK_REGION_LENGTH__)?__LOCK_REGION_LENGTH__:0x400
                0x0000000000000400                __SIGNATURE_REGION_LENGTH__ = DEFINED (__SIGNATURE_REGION_LENGTH__)?__SIGNATURE_REGION_LENGTH__:0x400
                0x0000000000000400                __USER_SIGNATURE_REGION_LENGTH__ = DEFINED (__USER_SIGNATURE_REGION_LENGTH__)?__USER_SIGNATURE_REGION_LENGTH__:0x400

.hash
 *(.hash)

.dynsym
 *(.dynsym)

.dynstr
 *(.dynstr)

.gnu.version
 *(.gnu.version)

.gnu.version_d
 *(.gnu.version_d)

.gnu.version_r
 *(.gnu.version_r)

.rel.init
 *(.rel.init)

.rela.init
 *(.rela.init)

.rel.text
 *(.rel.text)
 *(.rel.text.*)
 *(.rel.gnu.linkonce.t*)

.rela.text
 *(.rela.text)
 *(.rela.text.*)
 *(.rela.gnu.linkonce.t*)

.rel.fini
 *(.rel.fini)

.rela.fini
 *(.rela.fini)

.rel.rodata
 *(.rel.rodata)
 *(.rel.rodata.*)
 *(.rel.gnu.linkonce.r*)

.rela.rodata
 *(.rela.rodata)
 *(.rela.rodata.*)
 *(.rela.gnu.linkonce.r*)

.rel.data
 *(.rel.data)
 *(.rel.data.*)
 *(.rel.gnu.linkonce.d*)

.rela.data
 *(.rela.data)
 *(.rela.data.*)
 *(.rela.gnu.linkonce.d*)

.rel.ctors
 *(.rel.ctors)

.rela.ctors
 *(.rela.ctors)

.rel.dtors
 *(.rel.dtors)

.rela.dtors
 *(.rela.dtors)

.rel.got
 *(.rel.got)

.rela.got
 *(.rela.got)

.rel.bss
 *(.rel.bss)

.rela.bss
 *(.rela.bss)

.rel.plt
 *(.rel.plt)

.rela.plt
 *(.rela.plt)

.text           0x0000000000000000     0x185c
 *(.vectors)
 .vectors       0x0000000000000000       0x7c /usr/lib/gcc/avr/7.3.0/../../../avr/lib/avr5/crtatmega324pa.o
                0x0000000000000000                __vectors
                0x0000000000000000                __vector_default
 *(.vectors)
 *(.progmem.gcc*)
                0x000000000000007c                . = ALIGN (0x2)
                0x000000000000007c                __trampolines_start = .
 *(.trampolines)
 .trampolines   0x000000000000007c        0x0 linker stubs
 *(.trampolines*)
                0x000000000000007c                __trampolines_end = .
 *libprintf_flt.a:*(.progmem.data)
 *libc.a:*(.progmem.data)
 *(.progmem*)
                0x000000000000007c                . = ALIGN (0x2)
 *(.jumptables)
 *(.jumptables*)
 *(.lowtext)
 *(.lowtext*)
                0x000000000000007c                __ctors_start = .
 *(.ctors)
 .ctors         0x000000000000007c        0x2 main.o
                0x000000000000007e                __ctors_end = .
                0x000000000000007e                __dtors_start = .
 *(.dtors)
 .dtors         0x000000000000007e        0x2 main.o
                0x0000000000000080                __dtors_end = .
 SORT(*)(.ctors)
 SORT(*)(.dtors)
 *(.init0)
 .init0         0x0000000000000080        0x0 /usr/lib/gcc/avr/7.3.0/../../../avr/lib/avr5/crtatmega324pa.o
                0x0000000000000080                __init
 *(.init0)
 *(.init1)
 *(.init1)
 *(.init2)
 .init2         0x0000000000000080        0xc /usr/lib/gcc/avr/7.3.0/../../../avr/lib/avr5/crtatmega324pa.o
 *(.init2)
 *(.init3)
 *(.init3)
 *(.init4)
 .init4         0x000000000000008c       0x16 /usr/lib/gcc/avr/7.3.0/avr5/libgcc.a(_copy_data.o)
                0x000000000000008c                __do_copy_data
 .init4         0x00000000000000a2       0x10 /usr/lib/gcc/avr/7.3.0/avr5/libgcc.a(_clear_bss.o)
                0x00000000000000a2                __do_clear_bss
 *(.init4)
 *(.init5)
 *(.init5)
 *(.init6)
 .init6         0x00000000000000b2       0x16 /usr/lib/gcc/avr/7.3.0/avr5/libgcc.a(_ctors.o)
                0x00000000000000b2                __do_global_ctors
 *(.init6)
 *(.init7)
 *(.init7)
 *(.init8)
 *(.init8)
 *(.init9)
 .init9         0x00000000000000c8        0x8 /usr/lib/gcc/avr/7.3.0/../../../avr/lib/avr5/crtatmega324pa.o
 *(.init9)
 *(.text)
 .text          0x00000000000000d0        0x4 /usr/lib/gcc/avr/7.3.0/../../../avr/lib/avr5/crtatmega324pa.o
                0x00000000000000d0                __vector_22
                0x00000000000000d0                __vector_28
                0x00000000000000d0                __vector_24
                0x00000000000000d0                __vector_12
                0x00000000000000d0                __bad_interrupt
                0x00000000000000d0                __vector_6
                0x00000000000000d0                __vector_3
                0x00000000000000d0                __vector_23
                0x00000000000000d0                __vector_30
                0x00000000000000d0                __vector_25
                0x00000000000000d0                __vector_11
                0x00000000000000d0                __vector_17
                0x00000000000000d0                __vector_19
                0x00000000000000d0                __vector_7
                0x00000000000000d0                __vector_27
                0x00000000000000d0                __vector_5
                0x00000000000000d0                __vector_4
                0x00000000000000d0                __vector_9
                0x00000000000000d0                __vector_2
                0x00000000000000d0                __vector_21
                0x00000000000000d0                __vector_15
                0x00000000000000d0                __vector_29
                0x00000000000000d0                __vector_8
                0x00000000000000d0                __vector_26
                0x00000000000000d0                __vector_10
                0x00000000000000d0                __vector_16
                0x00000000000000d0                __vector_18
                0x00000000000000d0                __vector_20
 .text          0x00000000000000d4      0x2cc main.o
                0x00000000000000d4                __vector_13
                0x00000000000001de                __vector_14
                0x00000000000001f2                __vector_1
                0x0000000000000276                _Z15modeInstructionv
 .text          0x00000000000003a0      0x114 ../lib//libstatique.a(button.o)
                0x00000000000003a0                _ZN6ButtonC2ENS_4ModeENS_8LocationE
                0x00000000000003a0                _ZN6ButtonC1ENS_4ModeENS_8LocationE
                0x00000000000003a8                _ZN6Button9isPressedEv
                0x00000000000003ec                _ZN6Button4initEv
                0x0000000000000444                _ZN6Button14enableInteruptEv
                0x0000000000000460                _ZN6Button15disableInteruptEv
                0x000000000000047c                _ZN6ButtonD1Ev
                0x000000000000047c                _ZN6ButtonD2Ev
 .text          0x00000000000004b4      0x3ec ../lib//libstatique.a(interpreter.o)
                0x00000000000004b4                _ZN11InterpreterC1Ev
                0x00000000000004b4                _ZN11InterpreterC2Ev
                0x00000000000004f8                _ZN11Interpreter13startSequenceEv
                0x00000000000005c6                _ZN11Interpreter18executeInstructionEhh
                0x000000000000070c                _ZN11Interpreter7executeEv
                0x0000000000000782                _ZN11Interpreter7confirmEv
 .text          0x00000000000008a0      0x178 ../lib//libstatique.a(LED.o)
                0x00000000000008a0                _ZN3LED3offEv
                0x00000000000008d6                _ZN3LEDD1Ev
                0x00000000000008d6                _ZN3LEDD2Ev
                0x0000000000000912                _ZN3LED3redEv
                0x0000000000000946                _ZN3LED5greenEv
                0x000000000000097a                _ZN3LED5amberEv
                0x00000000000009a8                _ZN3LED6setDDREv
                0x0000000000000a0a                _ZN3LEDC2ERVhhh
                0x0000000000000a0a                _ZN3LEDC1ERVhhh
 .text          0x0000000000000a18      0x352 ../lib//libstatique.a(memoire_24.o)
                0x0000000000000a18                _ZN13Memoire24CXXXD2Ev
                0x0000000000000a18                _ZN13Memoire24CXXXD1Ev
                0x0000000000000a1a                _ZN13Memoire24CXXX4initEv
                0x0000000000000a2c                _ZN13Memoire24CXXXC2Ev
                0x0000000000000a2c                _ZN13Memoire24CXXXC1Ev
                0x0000000000000a36                _ZN13Memoire24CXXX12choisir_bancEh
                0x0000000000000a4c                _ZN13Memoire24CXXX7lectureEjPh
                0x0000000000000b0e                _ZN13Memoire24CXXX7lectureEjPhh
                0x0000000000000bd6                _ZN13Memoire24CXXX8ecritureEjh
                0x0000000000000c66                _ZN13Memoire24CXXX11ecrire_pageEjPhh
                0x0000000000000d24                _ZN13Memoire24CXXX8ecritureEjPhh
 .text          0x0000000000000d6a       0xd6 ../lib//libstatique.a(memoryReader.o)
                0x0000000000000d6a                _ZN6MemoryC1Ev
                0x0000000000000d6a                _ZN6MemoryC2Ev
                0x0000000000000d82                _ZN6Memory15readMemoryStartEv
                0x0000000000000dc6                _ZN6Memory7getSizeEv
                0x0000000000000dca                _ZN6Memory15readInstructionEv
                0x0000000000000e06                _ZN6Memory11readOperandEv
                0x0000000000000e30                _ZN6Memory10getAddressEv
                0x0000000000000e38                _ZN6Memory10setAddressEj
 .text          0x0000000000000e40      0x14c ../lib//libstatique.a(motor.o)
                0x0000000000000e40                _ZN5Motor13delayFunctionEh
                0x0000000000000e58                _ZN5MotorC1Ev
                0x0000000000000e58                _ZN5MotorC2Ev
                0x0000000000000e98                _ZN5Motor9goForwardEhh
                0x0000000000000eb8                _ZN5Motor10goBackwardEhh
                0x0000000000000ed8                _ZN5Motor4stopEv
                0x0000000000000ef0                _ZN5MotorD1Ev
                0x0000000000000ef0                _ZN5MotorD2Ev
                0x0000000000000f1a                _ZN5Motor8spinLeftEj
                0x0000000000000f4a                _ZN5Motor9spinRightEj
 .text          0x0000000000000f8c       0x1c ../lib//libstatique.a(robot.o)
                0x0000000000000f8c                _ZN5Robot4waitEj
 .text          0x0000000000000fa8       0xbc ../lib//libstatique.a(sound.o)
                0x0000000000000fa8                _ZN5SoundC1Ev
                0x0000000000000fa8                _ZN5SoundC2Ev
                0x0000000000000fc8                _ZN5Sound9playSoundEh
                0x0000000000001032                _ZN5Sound9stopSoundEv
                0x000000000000103c                _ZN5Sound13calculateOCR_Ef
 .text          0x0000000000001064      0x2ec ../lib//libstatique.a(timer.o)
                0x0000000000001064                _ZN5TimerC2ENS_2IdE
                0x0000000000001064                _ZN5TimerC1ENS_2IdE
                0x00000000000010ac                _ZN5Timer10setModePWMENS_7PWMModeENS_9PrescalerE
                0x0000000000001172                _ZN5Timer10setModeCTCENS_9PrescalerE
                0x00000000000011e8                _ZN5Timer13setPrescaler_ENS_9PrescalerE
                0x00000000000012b8                _ZN5Timer7setOCRAEj
                0x00000000000012ea                _ZN5Timer7setOCRBEj
                0x000000000000131c                _ZN5Timer10startTimerEv
                0x0000000000001324                _ZN5Timer9stopTimerEv
                0x0000000000001334                _ZN5TimerD1Ev
                0x0000000000001334                _ZN5TimerD2Ev
 .text          0x0000000000001350       0x5c ../lib//libstatique.a(UART.o)
                0x0000000000001350                _ZN4UARTC2Ev
                0x0000000000001350                _ZN4UARTC1Ev
                0x000000000000136c                _ZN4UART17UART_TransmissionEh
                0x000000000000137a                _ZN4UART17UART_TransmissionEPKc
                0x000000000000139e                _ZN4UART14UART_ReceptionEv
 .text          0x00000000000013ac       0xaa ../lib//libstatique.a(wheel.o)
                0x00000000000013ac                _ZN5WheelC2ER5TimerhNS_3OCRE
                0x00000000000013ac                _ZN5WheelC1ER5TimerhNS_3OCRE
                0x00000000000013ce                _ZN5Wheel16adjustSpeedValueEh
                0x00000000000013f2                _ZN5Wheel9goForwardEh
                0x000000000000140e                _ZN5Wheel10goBackwardEh
                0x000000000000142a                _ZN5Wheel4stopEv
                0x0000000000001430                _ZN5WheelD1Ev
                0x0000000000001430                _ZN5WheelD2Ev
 .text          0x0000000000001456        0x0 /usr/lib/gcc/avr/7.3.0/avr5/libgcc.a(_udivmodhi4.o)
 .text          0x0000000000001456        0x0 /usr/lib/gcc/avr/7.3.0/avr5/libgcc.a(_exit.o)
 .text          0x0000000000001456        0x0 /usr/lib/gcc/avr/7.3.0/avr5/libgcc.a(_copy_data.o)
 .text          0x0000000000001456        0x0 /usr/lib/gcc/avr/7.3.0/avr5/libgcc.a(_clear_bss.o)
 .text          0x0000000000001456        0x0 /usr/lib/gcc/avr/7.3.0/avr5/libgcc.a(_ctors.o)
 .text          0x0000000000001456        0x0 /usr/lib/gcc/avr/7.3.0/avr5/libgcc.a(_dtors.o)
 .text          0x0000000000001456        0x0 /usr/lib/gcc/avr/7.3.0/avr5/libgcc.a(_tablejump2.o)
 .text          0x0000000000001456        0x0 /usr/lib/gcc/avr/7.3.0/../../../avr/lib/avr5/libm.a(divsf3.o)
 .text          0x0000000000001456        0x0 /usr/lib/gcc/avr/7.3.0/../../../avr/lib/avr5/libm.a(divsf3x.o)
 .text          0x0000000000001456        0x0 /usr/lib/gcc/avr/7.3.0/../../../avr/lib/avr5/libm.a(fixunssfsi.o)
 .text          0x0000000000001456        0x0 /usr/lib/gcc/avr/7.3.0/../../../avr/lib/avr5/libm.a(fp_inf.o)
 .text          0x0000000000001456        0x0 /usr/lib/gcc/avr/7.3.0/../../../avr/lib/avr5/libm.a(fp_nan.o)
 .text          0x0000000000001456        0x0 /usr/lib/gcc/avr/7.3.0/../../../avr/lib/avr5/libm.a(fp_pscA.o)
 .text          0x0000000000001456        0x0 /usr/lib/gcc/avr/7.3.0/../../../avr/lib/avr5/libm.a(fp_pscB.o)
 .text          0x0000000000001456        0x0 /usr/lib/gcc/avr/7.3.0/../../../avr/lib/avr5/libm.a(fp_round.o)
 .text          0x0000000000001456        0x0 /usr/lib/gcc/avr/7.3.0/../../../avr/lib/avr5/libm.a(fp_split3.o)
 .text          0x0000000000001456        0x0 /usr/lib/gcc/avr/7.3.0/../../../avr/lib/avr5/libm.a(fp_zero.o)
 .text          0x0000000000001456        0x0 /usr/lib/gcc/avr/7.3.0/../../../avr/lib/avr5/libm.a(mulsf3.o)
 .text          0x0000000000001456        0x0 /usr/lib/gcc/avr/7.3.0/../../../avr/lib/avr5/libm.a(mulsf3x.o)
                0x0000000000001456                . = ALIGN (0x2)
 *(.text.*)
 .text._ZN5RobotD2Ev
                0x0000000000001456       0x26 main.o
                0x0000000000001456                _ZN5RobotD2Ev
                0x0000000000001456                _ZN5RobotD1Ev
 .text.startup  0x000000000000147c       0xc4 main.o
                0x000000000000147c                main
 .text.exit     0x0000000000001540       0x10 main.o
 .text.libgcc.mul
                0x0000000000001550        0x0 /usr/lib/gcc/avr/7.3.0/avr5/libgcc.a(_udivmodhi4.o)
 .text.libgcc.div
                0x0000000000001550       0x28 /usr/lib/gcc/avr/7.3.0/avr5/libgcc.a(_udivmodhi4.o)
                0x0000000000001550                __udivmodhi4
 .text.libgcc   0x0000000000001578        0x0 /usr/lib/gcc/avr/7.3.0/avr5/libgcc.a(_udivmodhi4.o)
 .text.libgcc.prologue
                0x0000000000001578        0x0 /usr/lib/gcc/avr/7.3.0/avr5/libgcc.a(_udivmodhi4.o)
 .text.libgcc.builtins
                0x0000000000001578        0x0 /usr/lib/gcc/avr/7.3.0/avr5/libgcc.a(_udivmodhi4.o)
 .text.libgcc.fmul
                0x0000000000001578        0x0 /usr/lib/gcc/avr/7.3.0/avr5/libgcc.a(_udivmodhi4.o)
 .text.libgcc.fixed
                0x0000000000001578        0x0 /usr/lib/gcc/avr/7.3.0/avr5/libgcc.a(_udivmodhi4.o)
 .text.libgcc.mul
                0x0000000000001578        0x0 /usr/lib/gcc/avr/7.3.0/avr5/libgcc.a(_exit.o)
 .text.libgcc.div
                0x0000000000001578        0x0 /usr/lib/gcc/avr/7.3.0/avr5/libgcc.a(_exit.o)
 .text.libgcc   0x0000000000001578        0x0 /usr/lib/gcc/avr/7.3.0/avr5/libgcc.a(_exit.o)
 .text.libgcc.prologue
                0x0000000000001578        0x0 /usr/lib/gcc/avr/7.3.0/avr5/libgcc.a(_exit.o)
 .text.libgcc.builtins
                0x0000000000001578        0x0 /usr/lib/gcc/avr/7.3.0/avr5/libgcc.a(_exit.o)
 .text.libgcc.fmul
                0x0000000000001578        0x0 /usr/lib/gcc/avr/7.3.0/avr5/libgcc.a(_exit.o)
 .text.libgcc.fixed
                0x0000000000001578        0x0 /usr/lib/gcc/avr/7.3.0/avr5/libgcc.a(_exit.o)
 .text.libgcc.mul
                0x0000000000001578        0x0 /usr/lib/gcc/avr/7.3.0/avr5/libgcc.a(_copy_data.o)
 .text.libgcc.div
                0x0000000000001578        0x0 /usr/lib/gcc/avr/7.3.0/avr5/libgcc.a(_copy_data.o)
 .text.libgcc   0x0000000000001578        0x0 /usr/lib/gcc/avr/7.3.0/avr5/libgcc.a(_copy_data.o)
 .text.libgcc.prologue
                0x0000000000001578        0x0 /usr/lib/gcc/avr/7.3.0/avr5/libgcc.a(_copy_data.o)
 .text.libgcc.builtins
                0x0000000000001578        0x0 /usr/lib/gcc/avr/7.3.0/avr5/libgcc.a(_copy_data.o)
 .text.libgcc.fmul
                0x0000000000001578        0x0 /usr/lib/gcc/avr/7.3.0/avr5/libgcc.a(_copy_data.o)
 .text.libgcc.fixed
                0x0000000000001578        0x0 /usr/lib/gcc/avr/7.3.0/avr5/libgcc.a(_copy_data.o)
 .text.libgcc.mul
                0x0000000000001578        0x0 /usr/lib/gcc/avr/7.3.0/avr5/libgcc.a(_clear_bss.o)
 .text.libgcc.div
                0x0000000000001578        0x0 /usr/lib/gcc/avr/7.3.0/avr5/libgcc.a(_clear_bss.o)
 .text.libgcc   0x0000000000001578        0x0 /usr/lib/gcc/avr/7.3.0/avr5/libgcc.a(_clear_bss.o)
 .text.libgcc.prologue
                0x0000000000001578        0x0 /usr/lib/gcc/avr/7.3.0/avr5/libgcc.a(_clear_bss.o)
 .text.libgcc.builtins
                0x0000000000001578        0x0 /usr/lib/gcc/avr/7.3.0/avr5/libgcc.a(_clear_bss.o)
 .text.libgcc.fmul
                0x0000000000001578        0x0 /usr/lib/gcc/avr/7.3.0/avr5/libgcc.a(_clear_bss.o)
 .text.libgcc.fixed
                0x0000000000001578        0x0 /usr/lib/gcc/avr/7.3.0/avr5/libgcc.a(_clear_bss.o)
 .text.libgcc.mul
                0x0000000000001578        0x0 /usr/lib/gcc/avr/7.3.0/avr5/libgcc.a(_ctors.o)
 .text.libgcc.div
                0x0000000000001578        0x0 /usr/lib/gcc/avr/7.3.0/avr5/libgcc.a(_ctors.o)
 .text.libgcc   0x0000000000001578        0x0 /usr/lib/gcc/avr/7.3.0/avr5/libgcc.a(_ctors.o)
 .text.libgcc.prologue
                0x0000000000001578        0x0 /usr/lib/gcc/avr/7.3.0/avr5/libgcc.a(_ctors.o)
 .text.libgcc.builtins
                0x0000000000001578        0x0 /usr/lib/gcc/avr/7.3.0/avr5/libgcc.a(_ctors.o)
 .text.libgcc.fmul
                0x0000000000001578        0x0 /usr/lib/gcc/avr/7.3.0/avr5/libgcc.a(_ctors.o)
 .text.libgcc.fixed
                0x0000000000001578        0x0 /usr/lib/gcc/avr/7.3.0/avr5/libgcc.a(_ctors.o)
 .text.libgcc.mul
                0x0000000000001578        0x0 /usr/lib/gcc/avr/7.3.0/avr5/libgcc.a(_dtors.o)
 .text.libgcc.div
                0x0000000000001578        0x0 /usr/lib/gcc/avr/7.3.0/avr5/libgcc.a(_dtors.o)
 .text.libgcc   0x0000000000001578        0x0 /usr/lib/gcc/avr/7.3.0/avr5/libgcc.a(_dtors.o)
 .text.libgcc.prologue
                0x0000000000001578        0x0 /usr/lib/gcc/avr/7.3.0/avr5/libgcc.a(_dtors.o)
 .text.libgcc.builtins
                0x0000000000001578        0x0 /usr/lib/gcc/avr/7.3.0/avr5/libgcc.a(_dtors.o)
 .text.libgcc.fmul
                0x0000000000001578        0x0 /usr/lib/gcc/avr/7.3.0/avr5/libgcc.a(_dtors.o)
 .text.libgcc.fixed
                0x0000000000001578        0x0 /usr/lib/gcc/avr/7.3.0/avr5/libgcc.a(_dtors.o)
 .text.libgcc.mul
                0x0000000000001578        0x0 /usr/lib/gcc/avr/7.3.0/avr5/libgcc.a(_tablejump2.o)
 .text.libgcc.div
                0x0000000000001578        0x0 /usr/lib/gcc/avr/7.3.0/avr5/libgcc.a(_tablejump2.o)
 .text.libgcc   0x0000000000001578        0xc /usr/lib/gcc/avr/7.3.0/avr5/libgcc.a(_tablejump2.o)
                0x0000000000001578                __tablejump2__
 .text.libgcc.prologue
                0x0000000000001584        0x0 /usr/lib/gcc/avr/7.3.0/avr5/libgcc.a(_tablejump2.o)
 .text.libgcc.builtins
                0x0000000000001584        0x0 /usr/lib/gcc/avr/7.3.0/avr5/libgcc.a(_tablejump2.o)
 .text.libgcc.fmul
                0x0000000000001584        0x0 /usr/lib/gcc/avr/7.3.0/avr5/libgcc.a(_tablejump2.o)
 .text.libgcc.fixed
                0x0000000000001584        0x0 /usr/lib/gcc/avr/7.3.0/avr5/libgcc.a(_tablejump2.o)
 .text.avr-libc.fplib
                0x0000000000001584        0x8 /usr/lib/gcc/avr/7.3.0/../../../avr/lib/avr5/libm.a(divsf3.o)
                0x0000000000001584                __divsf3
 .text.avr-libc.fplib
                0x000000000000158c       0xdc /usr/lib/gcc/avr/7.3.0/../../../avr/lib/avr5/libm.a(divsf3x.o)
                0x00000000000015ac                __divsf3x
                0x00000000000015b2                __divsf3_pse
 .text.avr-libc.fplib
                0x0000000000001668       0x5e /usr/lib/gcc/avr/7.3.0/../../../avr/lib/avr5/libm.a(fixunssfsi.o)
                0x0000000000001668                __fixunssfsi
 .text.avr-libc.fplib
                0x00000000000016c6        0xc /usr/lib/gcc/avr/7.3.0/../../../avr/lib/avr5/libm.a(fp_inf.o)
                0x00000000000016c6                __fp_inf
 .text.avr-libc.fplib
                0x00000000000016d2        0x6 /usr/lib/gcc/avr/7.3.0/../../../avr/lib/avr5/libm.a(fp_nan.o)
                0x00000000000016d2                __fp_nan
 .text.avr-libc.fplib
                0x00000000000016d8        0xe /usr/lib/gcc/avr/7.3.0/../../../avr/lib/avr5/libm.a(fp_pscA.o)
                0x00000000000016d8                __fp_pscA
 .text.avr-libc.fplib
                0x00000000000016e6        0xe /usr/lib/gcc/avr/7.3.0/../../../avr/lib/avr5/libm.a(fp_pscB.o)
                0x00000000000016e6                __fp_pscB
 .text.avr-libc.fplib
                0x00000000000016f4       0x22 /usr/lib/gcc/avr/7.3.0/../../../avr/lib/avr5/libm.a(fp_round.o)
                0x00000000000016f4                __fp_round
 .text.avr-libc.fplib
                0x0000000000001716       0x44 /usr/lib/gcc/avr/7.3.0/../../../avr/lib/avr5/libm.a(fp_split3.o)
                0x0000000000001716                __fp_split3
                0x0000000000001726                __fp_splitA
 .text.avr-libc.fplib
                0x000000000000175a        0xe /usr/lib/gcc/avr/7.3.0/../../../avr/lib/avr5/libm.a(fp_zero.o)
                0x000000000000175a                __fp_zero
                0x000000000000175c                __fp_szero
 .text.avr-libc.fplib
                0x0000000000001768        0x8 /usr/lib/gcc/avr/7.3.0/../../../avr/lib/avr5/libm.a(mulsf3.o)
                0x0000000000001768                __mulsf3
 .text.avr-libc.fplib
                0x0000000000001770       0xd2 /usr/lib/gcc/avr/7.3.0/../../../avr/lib/avr5/libm.a(mulsf3x.o)
                0x000000000000178e                __mulsf3x
                0x0000000000001794                __mulsf3_pse
                0x0000000000001842                . = ALIGN (0x2)
 *(.fini9)
 .fini9         0x0000000000001842        0x0 /usr/lib/gcc/avr/7.3.0/avr5/libgcc.a(_exit.o)
                0x0000000000001842                exit
                0x0000000000001842                _exit
 *(.fini9)
 *(.fini8)
 *(.fini8)
 *(.fini7)
 *(.fini7)
 *(.fini6)
 .fini6         0x0000000000001842       0x16 /usr/lib/gcc/avr/7.3.0/avr5/libgcc.a(_dtors.o)
                0x0000000000001842                __do_global_dtors
 *(.fini6)
 *(.fini5)
 *(.fini5)
 *(.fini4)
 *(.fini4)
 *(.fini3)
 *(.fini3)
 *(.fini2)
 *(.fini2)
 *(.fini1)
 *(.fini1)
 *(.fini0)
 .fini0         0x0000000000001858        0x4 /usr/lib/gcc/avr/7.3.0/avr5/libgcc.a(_exit.o)
 *(.fini0)
                0x000000000000185c                _etext = .

.data           0x0000000000800100       0x96 address de chargement 0x000000000000185c
                0x0000000000800100                PROVIDE (__data_start, .)
 *(.data)
 .data          0x0000000000800100        0x0 /usr/lib/gcc/avr/7.3.0/../../../avr/lib/avr5/crtatmega324pa.o
 .data          0x0000000000800100        0x1 main.o
                0x0000000000800100                selectedMode
 .data          0x0000000000800101        0x0 ../lib//libstatique.a(button.o)
 .data          0x0000000000800101        0x0 ../lib//libstatique.a(interpreter.o)
 .data          0x0000000000800101        0x0 ../lib//libstatique.a(LED.o)
 .data          0x0000000000800101        0x1 ../lib//libstatique.a(memoire_24.o)
                0x0000000000800101                _ZN13Memoire24CXXX22m_adresse_peripheriqueE
 .data          0x0000000000800102        0x0 ../lib//libstatique.a(memoryReader.o)
 .data          0x0000000000800102        0x0 ../lib//libstatique.a(motor.o)
 .data          0x0000000000800102        0x0 ../lib//libstatique.a(robot.o)
 .data          0x0000000000800102        0x0 ../lib//libstatique.a(sound.o)
 .data          0x0000000000800102        0x0 ../lib//libstatique.a(timer.o)
 .data          0x0000000000800102        0x0 ../lib//libstatique.a(UART.o)
 .data          0x0000000000800102        0x0 ../lib//libstatique.a(wheel.o)
 .data          0x0000000000800102        0x0 /usr/lib/gcc/avr/7.3.0/avr5/libgcc.a(_udivmodhi4.o)
 .data          0x0000000000800102        0x0 /usr/lib/gcc/avr/7.3.0/avr5/libgcc.a(_exit.o)
 .data          0x0000000000800102        0x0 /usr/lib/gcc/avr/7.3.0/avr5/libgcc.a(_copy_data.o)
 .data          0x0000000000800102        0x0 /usr/lib/gcc/avr/7.3.0/avr5/libgcc.a(_clear_bss.o)
 .data          0x0000000000800102        0x0 /usr/lib/gcc/avr/7.3.0/avr5/libgcc.a(_ctors.o)
 .data          0x0000000000800102        0x0 /usr/lib/gcc/avr/7.3.0/avr5/libgcc.a(_dtors.o)
 .data          0x0000000000800102        0x0 /usr/lib/gcc/avr/7.3.0/avr5/libgcc.a(_tablejump2.o)
 .data          0x0000000000800102        0x0 /usr/lib/gcc/avr/7.3.0/../../../avr/lib/avr5/libm.a(divsf3.o)
 .data          0x0000000000800102        0x0 /usr/lib/gcc/avr/7.3.0/../../../avr/lib/avr5/libm.a(divsf3x.o)
 .data          0x0000000000800102        0x0 /usr/lib/gcc/avr/7.3.0/../../../avr/lib/avr5/libm.a(fixunssfsi.o)
 .data          0x0000000000800102        0x0 /usr/lib/gcc/avr/7.3.0/../../../avr/lib/avr5/libm.a(fp_inf.o)
 .data          0x0000000000800102        0x0 /usr/lib/gcc/avr/7.3.0/../../../avr/lib/avr5/libm.a(fp_nan.o)
 .data          0x0000000000800102        0x0 /usr/lib/gcc/avr/7.3.0/../../../avr/lib/avr5/libm.a(fp_pscA.o)
 .data          0x0000000000800102        0x0 /usr/lib/gcc/avr/7.3.0/../../../avr/lib/avr5/libm.a(fp_pscB.o)
 .data          0x0000000000800102        0x0 /usr/lib/gcc/avr/7.3.0/../../../avr/lib/avr5/libm.a(fp_round.o)
 .data          0x0000000000800102        0x0 /usr/lib/gcc/avr/7.3.0/../../../avr/lib/avr5/libm.a(fp_split3.o)
 .data          0x0000000000800102        0x0 /usr/lib/gcc/avr/7.3.0/../../../avr/lib/avr5/libm.a(fp_zero.o)
 .data          0x0000000000800102        0x0 /usr/lib/gcc/avr/7.3.0/../../../avr/lib/avr5/libm.a(mulsf3.o)
 .data          0x0000000000800102        0x0 /usr/lib/gcc/avr/7.3.0/../../../avr/lib/avr5/libm.a(mulsf3x.o)
 *(.data*)
 *(.gnu.linkonce.d*)
 *(.rodata)
 .rodata        0x0000000000800102       0x94 ../lib//libstatique.a(sound.o)
                0x0000000000800102                _ZN5Sound11frequenciesE
 *(.rodata*)
 *(.gnu.linkonce.r*)
                0x0000000000800196                . = ALIGN (0x2)
                0x0000000000800196                _edata = .
                0x0000000000800196                PROVIDE (__data_end, .)

.bss            0x0000000000800196       0x27
                0x0000000000800196                PROVIDE (__bss_start, .)
 *(.bss)
 .bss           0x0000000000800196        0x0 /usr/lib/gcc/avr/7.3.0/../../../avr/lib/avr5/crtatmega324pa.o
 .bss           0x0000000000800196       0x27 main.o
                0x0000000000800196                ticks
                0x0000000000800198                state
                0x0000000000800199                timer
                0x000000000080019f                robot
 .bss           0x00000000008001bd        0x0 ../lib//libstatique.a(button.o)
 .bss           0x00000000008001bd        0x0 ../lib//libstatique.a(interpreter.o)
 .bss           0x00000000008001bd        0x0 ../lib//libstatique.a(LED.o)
 .bss           0x00000000008001bd        0x0 ../lib//libstatique.a(memoire_24.o)
 .bss           0x00000000008001bd        0x0 ../lib//libstatique.a(memoryReader.o)
 .bss           0x00000000008001bd        0x0 ../lib//libstatique.a(motor.o)
 .bss           0x00000000008001bd        0x0 ../lib//libstatique.a(robot.o)
 .bss           0x00000000008001bd        0x0 ../lib//libstatique.a(sound.o)
 .bss           0x00000000008001bd        0x0 ../lib//libstatique.a(timer.o)
 .bss           0x00000000008001bd        0x0 ../lib//libstatique.a(UART.o)
 .bss           0x00000000008001bd        0x0 ../lib//libstatique.a(wheel.o)
 .bss           0x00000000008001bd        0x0 /usr/lib/gcc/avr/7.3.0/avr5/libgcc.a(_udivmodhi4.o)
 .bss           0x00000000008001bd        0x0 /usr/lib/gcc/avr/7.3.0/avr5/libgcc.a(_exit.o)
 .bss           0x00000000008001bd        0x0 /usr/lib/gcc/avr/7.3.0/avr5/libgcc.a(_copy_data.o)
 .bss           0x00000000008001bd        0x0 /usr/lib/gcc/avr/7.3.0/avr5/libgcc.a(_clear_bss.o)
 .bss           0x00000000008001bd        0x0 /usr/lib/gcc/avr/7.3.0/avr5/libgcc.a(_ctors.o)
 .bss           0x00000000008001bd        0x0 /usr/lib/gcc/avr/7.3.0/avr5/libgcc.a(_dtors.o)
 .bss           0x00000000008001bd        0x0 /usr/lib/gcc/avr/7.3.0/avr5/libgcc.a(_tablejump2.o)
 .bss           0x00000000008001bd        0x0 /usr/lib/gcc/avr/7.3.0/../../../avr/lib/avr5/libm.a(divsf3.o)
 .bss           0x00000000008001bd        0x0 /usr/lib/gcc/avr/7.3.0/../../../avr/lib/avr5/libm.a(divsf3x.o)
 .bss           0x00000000008001bd        0x0 /usr/lib/gcc/avr/7.3.0/../../../avr/lib/avr5/libm.a(fixunssfsi.o)
 .bss           0x00000000008001bd        0x0 /usr/lib/gcc/avr/7.3.0/../../../avr/lib/avr5/libm.a(fp_inf.o)
 .bss           0x00000000008001bd        0x0 /usr/lib/gcc/avr/7.3.0/../../../avr/lib/avr5/libm.a(fp_nan.o)
 .bss           0x00000000008001bd        0x0 /usr/lib/gcc/avr/7.3.0/../../../avr/lib/avr5/libm.a(fp_pscA.o)
 .bss           0x00000000008001bd        0x0 /usr/lib/gcc/avr/7.3.0/../../../avr/lib/avr5/libm.a(fp_pscB.o)
 .bss           0x00000000008001bd        0x0 /usr/lib/gcc/avr/7.3.0/../../../avr/lib/avr5/libm.a(fp_round.o)
 .bss           0x00000000008001bd        0x0 /usr/lib/gcc/avr/7.3.0/../../../avr/lib/avr5/libm.a(fp_split3.o)
 .bss           0x00000000008001bd        0x0 /usr/lib/gcc/avr/7.3.0/../../../avr/lib/avr5/libm.a(fp_zero.o)
 .bss           0x00000000008001bd        0x0 /usr/lib/gcc/avr/7.3.0/../../../avr/lib/avr5/libm.a(mulsf3.o)
 .bss           0x00000000008001bd        0x0 /usr/lib/gcc/avr/7.3.0/../../../avr/lib/avr5/libm.a(mulsf3x.o)
 *(.bss*)
 *(COMMON)
                0x00000000008001bd                PROVIDE (__bss_end, .)
                0x000000000000185c                __data_load_start = LOADADDR (.data)
                0x00000000000018f2                __data_load_end = (__data_load_start + SIZEOF (.data))

.noinit         0x00000000008001bd        0x0
                [!provide]                        PROVIDE (__noinit_start, .)
 *(.noinit*)
                [!provide]                        PROVIDE (__noinit_end, .)
                0x00000000008001bd                _end = .
                [!provide]                        PROVIDE (__heap_start, .)

.eeprom         0x0000000000810000        0x0
 *(.eeprom*)
                0x0000000000810000                __eeprom_end = .

.fuse
 *(.fuse)
 *(.lfuse)
 *(.hfuse)
 *(.efuse)

.lock
 *(.lock*)

.signature
 *(.signature*)

.user_signatures
 *(.user_signatures*)

.stab           0x0000000000000000     0x7ae8
 *(.stab)
 .stab          0x0000000000000000      0xe58 main.o
 .stab          0x0000000000000e58      0x900 ../lib//libstatique.a(button.o)
                                        0x90c (taille avant relaxe)
 .stab          0x0000000000001758      0xf60 ../lib//libstatique.a(interpreter.o)
                                        0xf6c (taille avant relaxe)
 .stab          0x00000000000026b8      0x8dc ../lib//libstatique.a(LED.o)
                                        0x8e8 (taille avant relaxe)
 .stab          0x0000000000002f94      0xec4 ../lib//libstatique.a(memoire_24.o)
                                        0xed0 (taille avant relaxe)
 .stab          0x0000000000003e58      0x81c ../lib//libstatique.a(memoryReader.o)
                                        0x828 (taille avant relaxe)
 .stab          0x0000000000004674      0x9e4 ../lib//libstatique.a(motor.o)
                                        0x9f0 (taille avant relaxe)
 .stab          0x0000000000005058      0x750 ../lib//libstatique.a(robot.o)
                                        0x75c (taille avant relaxe)
 .stab          0x00000000000057a8      0x780 ../lib//libstatique.a(sound.o)
                                        0x78c (taille avant relaxe)
 .stab          0x0000000000005f28      0xca8 ../lib//libstatique.a(timer.o)
                                        0xcb4 (taille avant relaxe)
 .stab          0x0000000000006bd0      0x6b4 ../lib//libstatique.a(UART.o)
                                        0x6c0 (taille avant relaxe)
 .stab          0x0000000000007284      0x864 ../lib//libstatique.a(wheel.o)
                                        0x870 (taille avant relaxe)

.stabstr        0x0000000000000000     0x704e
 *(.stabstr)
 .stabstr       0x0000000000000000     0x704e main.o

.stab.excl
 *(.stab.excl)

.stab.exclstr
 *(.stab.exclstr)

.stab.index
 *(.stab.index)

.stab.indexstr
 *(.stab.indexstr)

.comment        0x0000000000000000       0x11
 *(.comment)
 .comment       0x0000000000000000       0x11 main.o
                                         0x12 (taille avant relaxe)
 .comment       0x0000000000000011       0x12 ../lib//libstatique.a(button.o)
 .comment       0x0000000000000011       0x12 ../lib//libstatique.a(interpreter.o)
 .comment       0x0000000000000011       0x12 ../lib//libstatique.a(LED.o)
 .comment       0x0000000000000011       0x12 ../lib//libstatique.a(memoire_24.o)
 .comment       0x0000000000000011       0x12 ../lib//libstatique.a(memoryReader.o)
 .comment       0x0000000000000011       0x12 ../lib//libstatique.a(motor.o)
 .comment       0x0000000000000011       0x12 ../lib//libstatique.a(robot.o)
 .comment       0x0000000000000011       0x12 ../lib//libstatique.a(sound.o)
 .comment       0x0000000000000011       0x12 ../lib//libstatique.a(timer.o)
 .comment       0x0000000000000011       0x12 ../lib//libstatique.a(UART.o)
 .comment       0x0000000000000011       0x12 ../lib//libstatique.a(wheel.o)

.note.gnu.avr.deviceinfo
                0x0000000000000000       0x40
 .note.gnu.avr.deviceinfo
                0x0000000000000000       0x40 /usr/lib/gcc/avr/7.3.0/../../../avr/lib/avr5/crtatmega324pa.o

.note.gnu.build-id
 *(.note.gnu.build-id)

.debug
 *(.debug)

.line
 *(.line)

.debug_srcinfo
 *(.debug_srcinfo)

.debug_sfnames
 *(.debug_sfnames)

.debug_aranges
 *(.debug_aranges)

.debug_pubnames
 *(.debug_pubnames)

.debug_info     0x0000000000000000      0x6cc
 *(.debug_info .gnu.linkonce.wi.*)
 .debug_info    0x0000000000000000      0x6cc /usr/lib/gcc/avr/7.3.0/../../../avr/lib/avr5/crtatmega324pa.o

.debug_abbrev   0x0000000000000000      0x66e
 *(.debug_abbrev)
 .debug_abbrev  0x0000000000000000      0x66e /usr/lib/gcc/avr/7.3.0/../../../avr/lib/avr5/crtatmega324pa.o

.debug_line     0x0000000000000000       0x1a
 *(.debug_line .debug_line.* .debug_line_end)
 .debug_line    0x0000000000000000       0x1a /usr/lib/gcc/avr/7.3.0/../../../avr/lib/avr5/crtatmega324pa.o

.debug_frame
 *(.debug_frame)

.debug_str      0x0000000000000000      0x255
 *(.debug_str)
 .debug_str     0x0000000000000000      0x255 /usr/lib/gcc/avr/7.3.0/../../../avr/lib/avr5/crtatmega324pa.o

.debug_loc
 *(.debug_loc)

.debug_macinfo
 *(.debug_macinfo)

.debug_weaknames
 *(.debug_weaknames)

.debug_funcnames
 *(.debug_funcnames)

.debug_typenames
 *(.debug_typenames)

.debug_varnames
 *(.debug_varnames)

.debug_pubtypes
 *(.debug_pubtypes)

.debug_ranges
 *(.debug_ranges)

.debug_macro
 *(.debug_macro)
OUTPUT(sensor.elf elf32-avr)
LOAD linker stubs
