Archive member included to satisfy reference by file (symbol)

../lib//libstatique.a(interpreteur.o)
                              main.o (_ZN12InterpreteurC1Ev)
../lib//libstatique.a(lectureMemoire.o)
                              ../lib//libstatique.a(interpreteur.o) (_ZN7MemoireC1Ev)
../lib//libstatique.a(LED.o)  ../lib//libstatique.a(interpreteur.o) (_ZN3LEDC1ERVhhh)
../lib//libstatique.a(memoire_24.o)
                              ../lib//libstatique.a(lectureMemoire.o) (_ZN13Memoire24CXXXC1Ev)
../lib//libstatique.a(motor.o)
                              ../lib//libstatique.a(interpreteur.o) (_ZN5MotorC1Ev)
../lib//libstatique.a(robot.o)
                              ../lib//libstatique.a(interpreteur.o) (_ZN5Robot7avancerEh)
../lib//libstatique.a(son.o)  ../lib//libstatique.a(interpreteur.o) (_ZN3SonC1Ev)
../lib//libstatique.a(timer.o)
                              ../lib//libstatique.a(motor.o) (_ZN5TimerC1ENS_2IdE)
../lib//libstatique.a(wheel.o)
                              ../lib//libstatique.a(motor.o) (_ZN5WheelC1ER5TimerhNS_3OCRE)
../lib//libstatique.a(debug.o)
                              ../lib//libstatique.a(LED.o) (_Z10debugPrintPKc)
../lib//libstatique.a(UART.o)
                              ../lib//libstatique.a(debug.o) (_ZN4UARTC1Ev)
/usr/lib/gcc/avr/14.1.0/avr5/libgcc.a(_exit.o)
                              /usr/lib/gcc/avr/14.1.0/../../../../avr/lib/avr5/crtatmega324pa.o (exit)
/usr/lib/gcc/avr/14.1.0/avr5/libgcc.a(_copy_data.o)
                              ../lib//libstatique.a(LED.o) (__do_copy_data)
/usr/lib/gcc/avr/14.1.0/avr5/libgcc.a(_clear_bss.o)
                              ../lib//libstatique.a(debug.o) (__do_clear_bss)
/usr/lib/gcc/avr/14.1.0/avr5/libgcc.a(_ctors.o)
                              ../lib//libstatique.a(debug.o) (__do_global_ctors)
/usr/lib/gcc/avr/14.1.0/avr5/libgcc.a(_tablejump2.o)
                              /usr/lib/gcc/avr/14.1.0/avr5/libgcc.a(_ctors.o) (__tablejump2__)
/usr/lib/gcc/avr/14.1.0/../../../../avr/lib/avr5/libm.a(addsf3.o)
                              ../lib//libstatique.a(son.o) (__subsf3)
/usr/lib/gcc/avr/14.1.0/../../../../avr/lib/avr5/libm.a(addsf3x.o)
                              /usr/lib/gcc/avr/14.1.0/../../../../avr/lib/avr5/libm.a(addsf3.o) (__addsf3x)
/usr/lib/gcc/avr/14.1.0/../../../../avr/lib/avr5/libm.a(divsf3.o)
                              ../lib//libstatique.a(son.o) (__divsf3)
/usr/lib/gcc/avr/14.1.0/../../../../avr/lib/avr5/libm.a(divsf3x.o)
                              /usr/lib/gcc/avr/14.1.0/../../../../avr/lib/avr5/libm.a(divsf3.o) (__divsf3x)
/usr/lib/gcc/avr/14.1.0/../../../../avr/lib/avr5/libm.a(fixunssfsi.o)
                              ../lib//libstatique.a(son.o) (__fixunssfsi)
/usr/lib/gcc/avr/14.1.0/../../../../avr/lib/avr5/libm.a(fp_inf.o)
                              /usr/lib/gcc/avr/14.1.0/../../../../avr/lib/avr5/libm.a(addsf3x.o) (__fp_inf)
/usr/lib/gcc/avr/14.1.0/../../../../avr/lib/avr5/libm.a(fp_nan.o)
                              /usr/lib/gcc/avr/14.1.0/../../../../avr/lib/avr5/libm.a(addsf3x.o) (__fp_nan)
/usr/lib/gcc/avr/14.1.0/../../../../avr/lib/avr5/libm.a(fp_pscA.o)
                              /usr/lib/gcc/avr/14.1.0/../../../../avr/lib/avr5/libm.a(addsf3x.o) (__fp_pscA)
/usr/lib/gcc/avr/14.1.0/../../../../avr/lib/avr5/libm.a(fp_pscB.o)
                              /usr/lib/gcc/avr/14.1.0/../../../../avr/lib/avr5/libm.a(addsf3x.o) (__fp_pscB)
/usr/lib/gcc/avr/14.1.0/../../../../avr/lib/avr5/libm.a(fp_round.o)
                              /usr/lib/gcc/avr/14.1.0/../../../../avr/lib/avr5/libm.a(addsf3.o) (__fp_round)
/usr/lib/gcc/avr/14.1.0/../../../../avr/lib/avr5/libm.a(fp_split3.o)
                              /usr/lib/gcc/avr/14.1.0/../../../../avr/lib/avr5/libm.a(addsf3x.o) (__fp_split3)
/usr/lib/gcc/avr/14.1.0/../../../../avr/lib/avr5/libm.a(fp_zero.o)
                              /usr/lib/gcc/avr/14.1.0/../../../../avr/lib/avr5/libm.a(addsf3x.o) (__fp_zero)
/usr/lib/gcc/avr/14.1.0/../../../../avr/lib/avr5/libm.a(mulsf3.o)
                              ../lib//libstatique.a(son.o) (__mulsf3)
/usr/lib/gcc/avr/14.1.0/../../../../avr/lib/avr5/libm.a(mulsf3x.o)
                              /usr/lib/gcc/avr/14.1.0/../../../../avr/lib/avr5/libm.a(mulsf3.o) (__mulsf3x)
/usr/lib/gcc/avr/14.1.0/../../../../avr/lib/avr5/libc.a(itoa_ncheck.o)
                              ../lib//libstatique.a(debug.o) (__itoa_ncheck)
/usr/lib/gcc/avr/14.1.0/../../../../avr/lib/avr5/libc.a(utoa_ncheck.o)
                              /usr/lib/gcc/avr/14.1.0/../../../../avr/lib/avr5/libc.a(itoa_ncheck.o) (__utoa_common)
/usr/lib/gcc/avr/14.1.0/../../../../avr/lib/avr5/libc.a(strrev.o)
                              /usr/lib/gcc/avr/14.1.0/../../../../avr/lib/avr5/libc.a(utoa_ncheck.o) (strrev)

There are no discarded input sections

Memory Configuration

Name             Origin             Length             Attributes
text             0x00000000         0x00008000         xr
data             0x00800100         0x00000800         rw!x
eeprom           0x00810000         0x00000400         rw!x
fuse             0x00820000         0x00000003         rw!x
lock             0x00830000         0x00000400         rw!x
signature        0x00840000         0x00000400         rw!x
user_signatures  0x00850000         0x00000400         rw!x
*default*        0x00000000         0xffffffff

Linker script and memory map

Address of section .data set to 0x800100
LOAD /usr/lib/gcc/avr/14.1.0/../../../../avr/lib/avr5/crtatmega324pa.o
LOAD main.o
LOAD /usr/lib/gcc/avr/14.1.0/../../../../avr/lib/avr5/libm.a
LOAD ../lib//libstatique.a
START GROUP
LOAD /usr/lib/gcc/avr/14.1.0/avr5/libgcc.a
LOAD /usr/lib/gcc/avr/14.1.0/../../../../avr/lib/avr5/libm.a
LOAD /usr/lib/gcc/avr/14.1.0/../../../../avr/lib/avr5/libc.a
LOAD /usr/lib/gcc/avr/14.1.0/../../../../avr/lib/avr5/libatmega324pa.a
END GROUP
                [0x00000000]                      __TEXT_REGION_ORIGIN__ = DEFINED (__TEXT_REGION_ORIGIN__)?__TEXT_REGION_ORIGIN__:0x0
                [0x00008000]                      __TEXT_REGION_LENGTH__ = DEFINED (__TEXT_REGION_LENGTH__)?__TEXT_REGION_LENGTH__:0x20000
                [0x00800100]                      __DATA_REGION_ORIGIN__ = DEFINED (__DATA_REGION_ORIGIN__)?__DATA_REGION_ORIGIN__:0x800060
                [0x00000800]                      __DATA_REGION_LENGTH__ = DEFINED (__DATA_REGION_LENGTH__)?__DATA_REGION_LENGTH__:0xffa0
                [0x00000400]                      __EEPROM_REGION_LENGTH__ = DEFINED (__EEPROM_REGION_LENGTH__)?__EEPROM_REGION_LENGTH__:0x10000
                [0x00000003]                      __FUSE_REGION_LENGTH__ = DEFINED (__FUSE_REGION_LENGTH__)?__FUSE_REGION_LENGTH__:0x400
                0x00000400                        __LOCK_REGION_LENGTH__ = DEFINED (__LOCK_REGION_LENGTH__)?__LOCK_REGION_LENGTH__:0x400
                0x00000400                        __SIGNATURE_REGION_LENGTH__ = DEFINED (__SIGNATURE_REGION_LENGTH__)?__SIGNATURE_REGION_LENGTH__:0x400
                0x00000400                        __USER_SIGNATURE_REGION_LENGTH__ = DEFINED (__USER_SIGNATURE_REGION_LENGTH__)?__USER_SIGNATURE_REGION_LENGTH__:0x400

.hash
 *(.hash)

.dynsym
 *(.dynsym)

.dynstr
 *(.dynstr)

.gnu.version
 *(.gnu.version)

.gnu.version_d
 *(.gnu.version_d)

.gnu.version_r
 *(.gnu.version_r)

.rel.init
 *(.rel.init)

.rela.init
 *(.rela.init)

.rel.text
 *(.rel.text)
 *(.rel.text.*)
 *(.rel.gnu.linkonce.t*)

.rela.text
 *(.rela.text)
 *(.rela.text.*)
 *(.rela.gnu.linkonce.t*)

.rel.fini
 *(.rel.fini)

.rela.fini
 *(.rela.fini)

.rel.rodata
 *(.rel.rodata)
 *(.rel.rodata.*)
 *(.rel.gnu.linkonce.r*)

.rela.rodata
 *(.rela.rodata)
 *(.rela.rodata.*)
 *(.rela.gnu.linkonce.r*)

.rel.data
 *(.rel.data)
 *(.rel.data.*)
 *(.rel.gnu.linkonce.d*)

.rela.data
 *(.rela.data)
 *(.rela.data.*)
 *(.rela.gnu.linkonce.d*)

.rel.ctors
 *(.rel.ctors)

.rela.ctors
 *(.rela.ctors)

.rel.dtors
 *(.rel.dtors)

.rela.dtors
 *(.rela.dtors)

.rel.got
 *(.rel.got)

.rela.got
 *(.rela.got)

.rel.bss
 *(.rel.bss)

.rela.bss
 *(.rela.bss)

.rel.plt
 *(.rel.plt)

.rela.plt
 *(.rela.plt)

.text           0x00000000     0x1762
 *(.vectors)
 .vectors       0x00000000       0x7c /usr/lib/gcc/avr/14.1.0/../../../../avr/lib/avr5/crtatmega324pa.o
                0x00000000                __vectors
                0x00000000                __vector_default
 *(.vectors)
 *(.progmem.gcc*)
                0x0000007c                        . = ALIGN (0x2)
                0x0000007c                        __trampolines_start = .
 *(.trampolines)
 .trampolines   0x0000007c        0x0 linker stubs
 *(.trampolines*)
                0x0000007c                        __trampolines_end = .
 *libprintf_flt.a:*(.progmem.data)
 *libc.a:*(.progmem.data)
 *(.progmem.*)
                0x0000007c                        . = ALIGN (0x2)
 *(.lowtext)
 *(.lowtext*)
                0x0000007c                        __ctors_start = .
 *(.ctors)
 .ctors         0x0000007c        0x2 ../lib//libstatique.a(debug.o)
                0x0000007e                        __ctors_end = .
                0x0000007e                        __dtors_start = .
 *(.dtors)
                0x0000007e                        __dtors_end = .
 SORT_BY_NAME(*)(.ctors)
 SORT_BY_NAME(*)(.dtors)
 *(.init0)
 .init0         0x0000007e        0x0 /usr/lib/gcc/avr/14.1.0/../../../../avr/lib/avr5/crtatmega324pa.o
                0x0000007e                __init
 *(.init0)
 *(.init1)
 *(.init1)
 *(.init2)
 .init2         0x0000007e        0xc /usr/lib/gcc/avr/14.1.0/../../../../avr/lib/avr5/crtatmega324pa.o
 *(.init2)
 *(.init3)
 *(.init3)
 *(.init4)
 .init4         0x0000008a       0x16 /usr/lib/gcc/avr/14.1.0/avr5/libgcc.a(_copy_data.o)
                0x0000008a                __do_copy_data
 .init4         0x000000a0       0x10 /usr/lib/gcc/avr/14.1.0/avr5/libgcc.a(_clear_bss.o)
                0x000000a0                __do_clear_bss
 *(.init4)
 *(.init5)
 *(.init5)
 *(.init6)
 .init6         0x000000b0       0x16 /usr/lib/gcc/avr/14.1.0/avr5/libgcc.a(_ctors.o)
                0x000000b0                __do_global_ctors
 *(.init6)
 *(.init7)
 *(.init7)
 *(.init8)
 *(.init8)
 *(.init9)
 .init9         0x000000c6        0x8 /usr/lib/gcc/avr/14.1.0/../../../../avr/lib/avr5/crtatmega324pa.o
 *(.init9)
 *(.text)
 .text          0x000000ce        0x4 /usr/lib/gcc/avr/14.1.0/../../../../avr/lib/avr5/crtatmega324pa.o
                0x000000ce                __vector_22
                0x000000ce                __vector_28
                0x000000ce                __vector_1
                0x000000ce                __vector_24
                0x000000ce                __vector_12
                0x000000ce                __bad_interrupt
                0x000000ce                __vector_6
                0x000000ce                __vector_3
                0x000000ce                __vector_23
                0x000000ce                __vector_30
                0x000000ce                __vector_25
                0x000000ce                __vector_11
                0x000000ce                __vector_13
                0x000000ce                __vector_17
                0x000000ce                __vector_19
                0x000000ce                __vector_7
                0x000000ce                __vector_27
                0x000000ce                __vector_5
                0x000000ce                __vector_4
                0x000000ce                __vector_9
                0x000000ce                __vector_2
                0x000000ce                __vector_21
                0x000000ce                __vector_15
                0x000000ce                __vector_29
                0x000000ce                __vector_8
                0x000000ce                __vector_26
                0x000000ce                __vector_14
                0x000000ce                __vector_10
                0x000000ce                __vector_16
                0x000000ce                __vector_18
                0x000000ce                __vector_20
 .text          0x000000d2        0x0 main.o
 .text          0x000000d2      0x2a0 ../lib//libstatique.a(interpreteur.o)
                0x000000d2                _ZN12InterpreteurC1Ev
                0x000000d2                _ZN12InterpreteurC2Ev
                0x0000010a                _ZN12Interpreteur17sequenceDemarrageEv
                0x000001e4                _ZN12Interpreteur19executerInstructionEhh
                0x000002fe                _ZN12Interpreteur8executerEv
 .text          0x00000372       0xd6 ../lib//libstatique.a(lectureMemoire.o)
                0x00000372                _ZN7MemoireC2Ev
                0x00000372                _ZN7MemoireC1Ev
                0x0000038a                _ZN7Memoire19lectureDebutMemoireEv
                0x000003ce                _ZN7Memoire9getTailleEv
                0x000003d2                _ZN7Memoire15lireInstructionEv
                0x0000040e                _ZN7Memoire12lireOperandeEv
                0x00000438                _ZN7Memoire10getAdresseEv
                0x00000440                _ZN7Memoire10setAdresseEj
 .text          0x00000448      0x1e2 ../lib//libstatique.a(LED.o)
                0x00000448                _ZN3LED3offEv
                0x00000492                _ZN3LEDD1Ev
                0x00000492                _ZN3LEDD2Ev
                0x000004d8                _ZN3LED3redEv
                0x0000051e                _ZN3LED5greenEv
                0x00000566                _ZN3LED5amberEv
                0x00000598                _ZN3LED6setDDREv
                0x0000060a                _ZN3LEDC2ERVhhh
                0x0000060a                _ZN3LEDC1ERVhhh
 .text          0x0000062a      0x35e ../lib//libstatique.a(memoire_24.o)
                0x0000062a                _ZN13Memoire24CXXXD2Ev
                0x0000062a                _ZN13Memoire24CXXXD1Ev
                0x0000062c                _ZN13Memoire24CXXX4initEv
                0x0000063e                _ZN13Memoire24CXXXC2Ev
                0x0000063e                _ZN13Memoire24CXXXC1Ev
                0x0000064a                _ZN13Memoire24CXXX12choisir_bancEh
                0x0000065c                _ZN13Memoire24CXXX7lectureEjPh
                0x0000071e                _ZN13Memoire24CXXX7lectureEjPhh
                0x000007e8                _ZN13Memoire24CXXX8ecritureEjh
                0x00000878                _ZN13Memoire24CXXX11ecrire_pageEjPhh
                0x00000942                _ZN13Memoire24CXXX8ecritureEjPhh
 .text          0x00000988      0x18e ../lib//libstatique.a(motor.o)
                0x00000988                _ZN5Motor13delayFunctionEh
                0x000009a0                _ZN5MotorC1Ev
                0x000009a0                _ZN5MotorC2Ev
                0x000009e8                _ZN5Motor9goForwardEhh
                0x00000a1a                _ZN5Motor10goBackwardEhh
                0x00000a4c                _ZN5Motor4stopEv
                0x00000a6e                _ZN5MotorD1Ev
                0x00000a6e                _ZN5MotorD2Ev
                0x00000aa2                _ZN5Motor8spinLeftEj
                0x00000adc                _ZN5Motor9spinRightEj
 .text          0x00000b16       0x4e ../lib//libstatique.a(robot.o)
                0x00000b16                _ZN5Robot7avancerEh
                0x00000b1c                _ZN5Robot7reculerEh
                0x00000b22                _ZN5Robot13tournerDroiteEj
                0x00000b26                _ZN5Robot13tournerGaucheEj
                0x00000b2a                _ZN5Robot7arreterEv
                0x00000b2e                _ZN5Robot11allumerVertEv
                0x00000b34                _ZN5Robot12allumerRougeEv
                0x00000b3a                _ZN5Robot11eteindreDELEv
                0x00000b40                _ZN5Robot8jouerSonEh
                0x00000b46                _ZN5Robot10arreterSonEv
                0x00000b4c                _ZN5Robot8attendreEh
 .text          0x00000b64      0x1d0 ../lib//libstatique.a(son.o)
                0x00000b64                _ZN3SonC2Ev
                0x00000b64                _ZN3SonC1Ev
                0x00000b6e                _ZN3Son5jouerEh
                0x00000c9c                _ZN3Son7arreterEv
                0x00000caa                _ZN3Son12calculerOCR_Ef
 .text          0x00000d34      0x39e ../lib//libstatique.a(timer.o)
                0x00000d34                _ZN5TimerC2ENS_2IdE
                0x00000d34                _ZN5TimerC1ENS_2IdE
                0x00000da6                _ZN5Timer10setModePWMENS_7PWMModeENS_9PrescalerE
                0x00000e68                _ZN5Timer10setModeCTCENS_9PrescalerE
                0x00000f14                _ZN5Timer13setPrescaler_ENS_9PrescalerE
                0x00000fd0                _ZN5Timer7setOCRAEj
                0x0000101e                _ZN5Timer7setOCRBEj
                0x0000106c                _ZN5Timer10startTimerEv
                0x0000108a                _ZN5Timer9stopTimerEv
                0x000010ac                _ZN5TimerD1Ev
                0x000010ac                _ZN5TimerD2Ev
 .text          0x000010d2      0x172 ../lib//libstatique.a(wheel.o)
                0x000010d2                _ZN5WheelC2ER5TimerhNS_3OCRE
                0x000010d2                _ZN5WheelC1ER5TimerhNS_3OCRE
                0x00001118                _ZN5Wheel16adjustSpeedValueEh
                0x00001178                _ZN5Wheel9goForwardEh
                0x000011be                _ZN5Wheel10goBackwardEh
                0x000011f6                _ZN5Wheel4stopEv
                0x00001214                _ZN5WheelD1Ev
                0x00001214                _ZN5WheelD2Ev
 .text          0x00001244       0x7a ../lib//libstatique.a(debug.o)
                0x00001244                _Z10debugPrintPKc
                0x0000125a                _Z10debugPrintj
                0x000012a0                _Z10debugPrintPKcj
 .text          0x000012be       0x60 ../lib//libstatique.a(UART.o)
                0x000012be                _ZN4UARTC2Ev
                0x000012be                _ZN4UARTC1Ev
                0x000012da                _ZN4UART17UART_TransmissionEh
                0x000012e8                _ZN4UART17UART_TransmissionEPKc
                0x00001310                _ZN4UART14UART_ReceptionEv
 .text          0x0000131e        0x0 /usr/lib/gcc/avr/14.1.0/avr5/libgcc.a(_exit.o)
 .text          0x0000131e        0x0 /usr/lib/gcc/avr/14.1.0/avr5/libgcc.a(_copy_data.o)
 .text          0x0000131e        0x0 /usr/lib/gcc/avr/14.1.0/avr5/libgcc.a(_clear_bss.o)
 .text          0x0000131e        0x0 /usr/lib/gcc/avr/14.1.0/avr5/libgcc.a(_ctors.o)
 .text          0x0000131e        0x0 /usr/lib/gcc/avr/14.1.0/avr5/libgcc.a(_tablejump2.o)
 .text          0x0000131e        0x0 /usr/lib/gcc/avr/14.1.0/../../../../avr/lib/avr5/libm.a(addsf3.o)
 .text          0x0000131e        0x0 /usr/lib/gcc/avr/14.1.0/../../../../avr/lib/avr5/libm.a(addsf3x.o)
 .text          0x0000131e        0x0 /usr/lib/gcc/avr/14.1.0/../../../../avr/lib/avr5/libm.a(divsf3.o)
 .text          0x0000131e        0x0 /usr/lib/gcc/avr/14.1.0/../../../../avr/lib/avr5/libm.a(divsf3x.o)
 .text          0x0000131e        0x0 /usr/lib/gcc/avr/14.1.0/../../../../avr/lib/avr5/libm.a(fixunssfsi.o)
 .text          0x0000131e        0x0 /usr/lib/gcc/avr/14.1.0/../../../../avr/lib/avr5/libm.a(fp_inf.o)
 .text          0x0000131e        0x0 /usr/lib/gcc/avr/14.1.0/../../../../avr/lib/avr5/libm.a(fp_nan.o)
 .text          0x0000131e        0x0 /usr/lib/gcc/avr/14.1.0/../../../../avr/lib/avr5/libm.a(fp_pscA.o)
 .text          0x0000131e        0x0 /usr/lib/gcc/avr/14.1.0/../../../../avr/lib/avr5/libm.a(fp_pscB.o)
 .text          0x0000131e        0x0 /usr/lib/gcc/avr/14.1.0/../../../../avr/lib/avr5/libm.a(fp_round.o)
 .text          0x0000131e        0x0 /usr/lib/gcc/avr/14.1.0/../../../../avr/lib/avr5/libm.a(fp_split3.o)
 .text          0x0000131e        0x0 /usr/lib/gcc/avr/14.1.0/../../../../avr/lib/avr5/libm.a(fp_zero.o)
 .text          0x0000131e        0x0 /usr/lib/gcc/avr/14.1.0/../../../../avr/lib/avr5/libm.a(mulsf3.o)
 .text          0x0000131e        0x0 /usr/lib/gcc/avr/14.1.0/../../../../avr/lib/avr5/libm.a(mulsf3x.o)
 .text          0x0000131e        0x0 /usr/lib/gcc/avr/14.1.0/../../../../avr/lib/avr5/libc.a(itoa_ncheck.o)
 .text          0x0000131e        0x0 /usr/lib/gcc/avr/14.1.0/../../../../avr/lib/avr5/libc.a(utoa_ncheck.o)
 .text          0x0000131e        0x0 /usr/lib/gcc/avr/14.1.0/../../../../avr/lib/avr5/libc.a(strrev.o)
                0x0000131e                        . = ALIGN (0x2)
 *(.text.*)
 .text.startup  0x0000131e       0x2a main.o
                0x0000131e                main
 .text.startup  0x00001348        0x8 ../lib//libstatique.a(debug.o)
 .text.libgcc.mul
                0x00001350        0x0 /usr/lib/gcc/avr/14.1.0/avr5/libgcc.a(_exit.o)
 .text.libgcc.div
                0x00001350        0x0 /usr/lib/gcc/avr/14.1.0/avr5/libgcc.a(_exit.o)
 .text.libgcc   0x00001350        0x0 /usr/lib/gcc/avr/14.1.0/avr5/libgcc.a(_exit.o)
 .text.libgcc.prologue
                0x00001350        0x0 /usr/lib/gcc/avr/14.1.0/avr5/libgcc.a(_exit.o)
 .text.libgcc.builtins
                0x00001350        0x0 /usr/lib/gcc/avr/14.1.0/avr5/libgcc.a(_exit.o)
 .text.libgcc.fmul
                0x00001350        0x0 /usr/lib/gcc/avr/14.1.0/avr5/libgcc.a(_exit.o)
 .text.libgcc.fixed
                0x00001350        0x0 /usr/lib/gcc/avr/14.1.0/avr5/libgcc.a(_exit.o)
 .text.libgcc.mul
                0x00001350        0x0 /usr/lib/gcc/avr/14.1.0/avr5/libgcc.a(_copy_data.o)
 .text.libgcc.div
                0x00001350        0x0 /usr/lib/gcc/avr/14.1.0/avr5/libgcc.a(_copy_data.o)
 .text.libgcc   0x00001350        0x0 /usr/lib/gcc/avr/14.1.0/avr5/libgcc.a(_copy_data.o)
 .text.libgcc.prologue
                0x00001350        0x0 /usr/lib/gcc/avr/14.1.0/avr5/libgcc.a(_copy_data.o)
 .text.libgcc.builtins
                0x00001350        0x0 /usr/lib/gcc/avr/14.1.0/avr5/libgcc.a(_copy_data.o)
 .text.libgcc.fmul
                0x00001350        0x0 /usr/lib/gcc/avr/14.1.0/avr5/libgcc.a(_copy_data.o)
 .text.libgcc.fixed
                0x00001350        0x0 /usr/lib/gcc/avr/14.1.0/avr5/libgcc.a(_copy_data.o)
 .text.libgcc.mul
                0x00001350        0x0 /usr/lib/gcc/avr/14.1.0/avr5/libgcc.a(_clear_bss.o)
 .text.libgcc.div
                0x00001350        0x0 /usr/lib/gcc/avr/14.1.0/avr5/libgcc.a(_clear_bss.o)
 .text.libgcc   0x00001350        0x0 /usr/lib/gcc/avr/14.1.0/avr5/libgcc.a(_clear_bss.o)
 .text.libgcc.prologue
                0x00001350        0x0 /usr/lib/gcc/avr/14.1.0/avr5/libgcc.a(_clear_bss.o)
 .text.libgcc.builtins
                0x00001350        0x0 /usr/lib/gcc/avr/14.1.0/avr5/libgcc.a(_clear_bss.o)
 .text.libgcc.fmul
                0x00001350        0x0 /usr/lib/gcc/avr/14.1.0/avr5/libgcc.a(_clear_bss.o)
 .text.libgcc.fixed
                0x00001350        0x0 /usr/lib/gcc/avr/14.1.0/avr5/libgcc.a(_clear_bss.o)
 .text.libgcc.mul
                0x00001350        0x0 /usr/lib/gcc/avr/14.1.0/avr5/libgcc.a(_ctors.o)
 .text.libgcc.div
                0x00001350        0x0 /usr/lib/gcc/avr/14.1.0/avr5/libgcc.a(_ctors.o)
 .text.libgcc   0x00001350        0x0 /usr/lib/gcc/avr/14.1.0/avr5/libgcc.a(_ctors.o)
 .text.libgcc.prologue
                0x00001350        0x0 /usr/lib/gcc/avr/14.1.0/avr5/libgcc.a(_ctors.o)
 .text.libgcc.builtins
                0x00001350        0x0 /usr/lib/gcc/avr/14.1.0/avr5/libgcc.a(_ctors.o)
 .text.libgcc.fmul
                0x00001350        0x0 /usr/lib/gcc/avr/14.1.0/avr5/libgcc.a(_ctors.o)
 .text.libgcc.fixed
                0x00001350        0x0 /usr/lib/gcc/avr/14.1.0/avr5/libgcc.a(_ctors.o)
 .text.libgcc.mul
                0x00001350        0x0 /usr/lib/gcc/avr/14.1.0/avr5/libgcc.a(_tablejump2.o)
 .text.libgcc.div
                0x00001350        0x0 /usr/lib/gcc/avr/14.1.0/avr5/libgcc.a(_tablejump2.o)
 .text.libgcc   0x00001350        0xc /usr/lib/gcc/avr/14.1.0/avr5/libgcc.a(_tablejump2.o)
                0x00001350                __tablejump2__
 .text.libgcc.prologue
                0x0000135c        0x0 /usr/lib/gcc/avr/14.1.0/avr5/libgcc.a(_tablejump2.o)
 .text.libgcc.builtins
                0x0000135c        0x0 /usr/lib/gcc/avr/14.1.0/avr5/libgcc.a(_tablejump2.o)
 .text.libgcc.fmul
                0x0000135c        0x0 /usr/lib/gcc/avr/14.1.0/avr5/libgcc.a(_tablejump2.o)
 .text.libgcc.fixed
                0x0000135c        0x0 /usr/lib/gcc/avr/14.1.0/avr5/libgcc.a(_tablejump2.o)
 .text.avr-libc.fplib
                0x0000135c        0xe /usr/lib/gcc/avr/14.1.0/../../../../avr/lib/avr5/libm.a(addsf3.o)
                0x0000135c                __subsf3
                0x0000135e                __addsf3
 .text.avr-libc.fplib
                0x0000136a       0xcc /usr/lib/gcc/avr/14.1.0/../../../../avr/lib/avr5/libm.a(addsf3x.o)
                0x0000138c                __addsf3x
 .text.avr-libc.fplib
                0x00001436        0x8 /usr/lib/gcc/avr/14.1.0/../../../../avr/lib/avr5/libm.a(divsf3.o)
                0x00001436                __divsf3
 .text.avr-libc.fplib
                0x0000143e       0xdc /usr/lib/gcc/avr/14.1.0/../../../../avr/lib/avr5/libm.a(divsf3x.o)
                0x0000145e                __divsf3x
                0x00001464                __divsf3_pse
 .text.avr-libc.fplib
                0x0000151a       0x5e /usr/lib/gcc/avr/14.1.0/../../../../avr/lib/avr5/libm.a(fixunssfsi.o)
                0x0000151a                __fixunssfsi
 .text.avr-libc.fplib
                0x00001578        0xc /usr/lib/gcc/avr/14.1.0/../../../../avr/lib/avr5/libm.a(fp_inf.o)
                0x00001578                __fp_inf
 .text.avr-libc.fplib
                0x00001584        0x6 /usr/lib/gcc/avr/14.1.0/../../../../avr/lib/avr5/libm.a(fp_nan.o)
                0x00001584                __fp_nan
 .text.avr-libc.fplib
                0x0000158a        0xe /usr/lib/gcc/avr/14.1.0/../../../../avr/lib/avr5/libm.a(fp_pscA.o)
                0x0000158a                __fp_pscA
 .text.avr-libc.fplib
                0x00001598        0xe /usr/lib/gcc/avr/14.1.0/../../../../avr/lib/avr5/libm.a(fp_pscB.o)
                0x00001598                __fp_pscB
 .text.avr-libc.fplib
                0x000015a6       0x22 /usr/lib/gcc/avr/14.1.0/../../../../avr/lib/avr5/libm.a(fp_round.o)
                0x000015a6                __fp_round
 .text.avr-libc.fplib
                0x000015c8       0x44 /usr/lib/gcc/avr/14.1.0/../../../../avr/lib/avr5/libm.a(fp_split3.o)
                0x000015c8                __fp_split3
                0x000015d8                __fp_splitA
 .text.avr-libc.fplib
                0x0000160c        0xe /usr/lib/gcc/avr/14.1.0/../../../../avr/lib/avr5/libm.a(fp_zero.o)
                0x0000160c                __fp_zero
                0x0000160e                __fp_szero
 .text.avr-libc.fplib
                0x0000161a        0x8 /usr/lib/gcc/avr/14.1.0/../../../../avr/lib/avr5/libm.a(mulsf3.o)
                0x0000161a                __mulsf3
 .text.avr-libc.fplib
                0x00001622       0xd2 /usr/lib/gcc/avr/14.1.0/../../../../avr/lib/avr5/libm.a(mulsf3x.o)
                0x00001640                __mulsf3x
                0x00001646                __mulsf3_pse
 .text.avr-libc
                0x000016f4       0x16 /usr/lib/gcc/avr/14.1.0/../../../../avr/lib/avr5/libc.a(itoa_ncheck.o)
                0x000016f4                __itoa_ncheck
 .text.avr-libc
                0x0000170a       0x34 /usr/lib/gcc/avr/14.1.0/../../../../avr/lib/avr5/libc.a(utoa_ncheck.o)
                0x0000170a                __utoa_ncheck
                0x0000170c                __utoa_common
 .text.avr-libc
                0x0000173e       0x20 /usr/lib/gcc/avr/14.1.0/../../../../avr/lib/avr5/libc.a(strrev.o)
                0x0000173e                strrev
                0x0000175e                        . = ALIGN (0x2)
 *(.fini9)
 .fini9         0x0000175e        0x0 /usr/lib/gcc/avr/14.1.0/avr5/libgcc.a(_exit.o)
                0x0000175e                exit
                0x0000175e                _exit
 *(.fini9)
 *(.fini8)
 *(.fini8)
 *(.fini7)
 *(.fini7)
 *(.fini6)
 *(.fini6)
 *(.fini5)
 *(.fini5)
 *(.fini4)
 *(.fini4)
 *(.fini3)
 *(.fini3)
 *(.fini2)
 *(.fini2)
 *(.fini1)
 *(.fini1)
 *(.fini0)
 .fini0         0x0000175e        0x4 /usr/lib/gcc/avr/14.1.0/avr5/libgcc.a(_exit.o)
 *(.fini0)
 *(.hightext)
 *(.hightext*)
 *(.progmemx.*)
                0x00001762                        . = ALIGN (0x2)
 *(.jumptables)
 *(.jumptables*)
                0x00001762                        _etext = .

.data           0x00800100      0x478 load address 0x00001762
                0x00800100                        PROVIDE (__data_start = .)
 *(.data)
 .data          0x00800100        0x0 /usr/lib/gcc/avr/14.1.0/../../../../avr/lib/avr5/crtatmega324pa.o
 .data          0x00800100        0x0 main.o
 .data          0x00800100        0x0 ../lib//libstatique.a(interpreteur.o)
 .data          0x00800100        0x0 ../lib//libstatique.a(lectureMemoire.o)
 .data          0x00800100        0x0 ../lib//libstatique.a(LED.o)
 .data          0x00800100        0x1 ../lib//libstatique.a(memoire_24.o)
                0x00800100                _ZN13Memoire24CXXX22m_adresse_peripheriqueE
 .data          0x00800101        0x0 ../lib//libstatique.a(motor.o)
 .data          0x00800101        0x0 ../lib//libstatique.a(robot.o)
 .data          0x00800101        0x0 ../lib//libstatique.a(son.o)
 .data          0x00800101        0x0 ../lib//libstatique.a(timer.o)
 .data          0x00800101        0x0 ../lib//libstatique.a(wheel.o)
 .data          0x00800101        0x0 ../lib//libstatique.a(debug.o)
 .data          0x00800101        0x0 ../lib//libstatique.a(UART.o)
 .data          0x00800101        0x0 /usr/lib/gcc/avr/14.1.0/avr5/libgcc.a(_exit.o)
 .data          0x00800101        0x0 /usr/lib/gcc/avr/14.1.0/avr5/libgcc.a(_copy_data.o)
 .data          0x00800101        0x0 /usr/lib/gcc/avr/14.1.0/avr5/libgcc.a(_clear_bss.o)
 .data          0x00800101        0x0 /usr/lib/gcc/avr/14.1.0/avr5/libgcc.a(_ctors.o)
 .data          0x00800101        0x0 /usr/lib/gcc/avr/14.1.0/avr5/libgcc.a(_tablejump2.o)
 .data          0x00800101        0x0 /usr/lib/gcc/avr/14.1.0/../../../../avr/lib/avr5/libm.a(addsf3.o)
 .data          0x00800101        0x0 /usr/lib/gcc/avr/14.1.0/../../../../avr/lib/avr5/libm.a(addsf3x.o)
 .data          0x00800101        0x0 /usr/lib/gcc/avr/14.1.0/../../../../avr/lib/avr5/libm.a(divsf3.o)
 .data          0x00800101        0x0 /usr/lib/gcc/avr/14.1.0/../../../../avr/lib/avr5/libm.a(divsf3x.o)
 .data          0x00800101        0x0 /usr/lib/gcc/avr/14.1.0/../../../../avr/lib/avr5/libm.a(fixunssfsi.o)
 .data          0x00800101        0x0 /usr/lib/gcc/avr/14.1.0/../../../../avr/lib/avr5/libm.a(fp_inf.o)
 .data          0x00800101        0x0 /usr/lib/gcc/avr/14.1.0/../../../../avr/lib/avr5/libm.a(fp_nan.o)
 .data          0x00800101        0x0 /usr/lib/gcc/avr/14.1.0/../../../../avr/lib/avr5/libm.a(fp_pscA.o)
 .data          0x00800101        0x0 /usr/lib/gcc/avr/14.1.0/../../../../avr/lib/avr5/libm.a(fp_pscB.o)
 .data          0x00800101        0x0 /usr/lib/gcc/avr/14.1.0/../../../../avr/lib/avr5/libm.a(fp_round.o)
 .data          0x00800101        0x0 /usr/lib/gcc/avr/14.1.0/../../../../avr/lib/avr5/libm.a(fp_split3.o)
 .data          0x00800101        0x0 /usr/lib/gcc/avr/14.1.0/../../../../avr/lib/avr5/libm.a(fp_zero.o)
 .data          0x00800101        0x0 /usr/lib/gcc/avr/14.1.0/../../../../avr/lib/avr5/libm.a(mulsf3.o)
 .data          0x00800101        0x0 /usr/lib/gcc/avr/14.1.0/../../../../avr/lib/avr5/libm.a(mulsf3x.o)
 .data          0x00800101        0x0 /usr/lib/gcc/avr/14.1.0/../../../../avr/lib/avr5/libc.a(itoa_ncheck.o)
 .data          0x00800101        0x0 /usr/lib/gcc/avr/14.1.0/../../../../avr/lib/avr5/libc.a(utoa_ncheck.o)
 .data          0x00800101        0x0 /usr/lib/gcc/avr/14.1.0/../../../../avr/lib/avr5/libc.a(strrev.o)
 *(.data*)
 *(.gnu.linkonce.d*)
 *(.rodata)
 .rodata        0x00800101       0x94 ../lib//libstatique.a(son.o)
 *(.rodata*)
 .rodata.str1.1
                0x00800195      0x3e2 ../lib//libstatique.a(LED.o)
                                 0x6f (size before relaxing)
 .rodata.str1.1
                0x00800577       0x85 ../lib//libstatique.a(motor.o)
 .rodata.str1.1
                0x00800577        0xd ../lib//libstatique.a(son.o)
 .rodata.str1.1
                0x00800577      0x1b7 ../lib//libstatique.a(timer.o)
 .rodata.str1.1
                0x00800577      0x12a ../lib//libstatique.a(wheel.o)
 .rodata.str1.1
                0x00800577        0x2 ../lib//libstatique.a(debug.o)
 *(.gnu.linkonce.r*)
                0x0080072e                        . = ALIGN (0x2)
 *fill*         0x00800577        0x1 
                0x00800578                        _edata = .
                0x00800578                        PROVIDE (__data_end = .)

.bss            0x00800578        0x1
                0x00800578                        PROVIDE (__bss_start = .)
 *(.bss)
 .bss           0x00800578        0x0 /usr/lib/gcc/avr/14.1.0/../../../../avr/lib/avr5/crtatmega324pa.o
 .bss           0x00800578        0x0 main.o
 .bss           0x00800578        0x0 ../lib//libstatique.a(interpreteur.o)
 .bss           0x00800578        0x0 ../lib//libstatique.a(lectureMemoire.o)
 .bss           0x00800578        0x0 ../lib//libstatique.a(LED.o)
 .bss           0x00800578        0x0 ../lib//libstatique.a(memoire_24.o)
 .bss           0x00800578        0x0 ../lib//libstatique.a(motor.o)
 .bss           0x00800578        0x0 ../lib//libstatique.a(robot.o)
 .bss           0x00800578        0x0 ../lib//libstatique.a(son.o)
 .bss           0x00800578        0x0 ../lib//libstatique.a(timer.o)
 .bss           0x00800578        0x0 ../lib//libstatique.a(wheel.o)
 .bss           0x00800578        0x1 ../lib//libstatique.a(debug.o)
 .bss           0x00800579        0x0 ../lib//libstatique.a(UART.o)
 .bss           0x00800579        0x0 /usr/lib/gcc/avr/14.1.0/avr5/libgcc.a(_exit.o)
 .bss           0x00800579        0x0 /usr/lib/gcc/avr/14.1.0/avr5/libgcc.a(_copy_data.o)
 .bss           0x00800579        0x0 /usr/lib/gcc/avr/14.1.0/avr5/libgcc.a(_clear_bss.o)
 .bss           0x00800579        0x0 /usr/lib/gcc/avr/14.1.0/avr5/libgcc.a(_ctors.o)
 .bss           0x00800579        0x0 /usr/lib/gcc/avr/14.1.0/avr5/libgcc.a(_tablejump2.o)
 .bss           0x00800579        0x0 /usr/lib/gcc/avr/14.1.0/../../../../avr/lib/avr5/libm.a(addsf3.o)
 .bss           0x00800579        0x0 /usr/lib/gcc/avr/14.1.0/../../../../avr/lib/avr5/libm.a(addsf3x.o)
 .bss           0x00800579        0x0 /usr/lib/gcc/avr/14.1.0/../../../../avr/lib/avr5/libm.a(divsf3.o)
 .bss           0x00800579        0x0 /usr/lib/gcc/avr/14.1.0/../../../../avr/lib/avr5/libm.a(divsf3x.o)
 .bss           0x00800579        0x0 /usr/lib/gcc/avr/14.1.0/../../../../avr/lib/avr5/libm.a(fixunssfsi.o)
 .bss           0x00800579        0x0 /usr/lib/gcc/avr/14.1.0/../../../../avr/lib/avr5/libm.a(fp_inf.o)
 .bss           0x00800579        0x0 /usr/lib/gcc/avr/14.1.0/../../../../avr/lib/avr5/libm.a(fp_nan.o)
 .bss           0x00800579        0x0 /usr/lib/gcc/avr/14.1.0/../../../../avr/lib/avr5/libm.a(fp_pscA.o)
 .bss           0x00800579        0x0 /usr/lib/gcc/avr/14.1.0/../../../../avr/lib/avr5/libm.a(fp_pscB.o)
 .bss           0x00800579        0x0 /usr/lib/gcc/avr/14.1.0/../../../../avr/lib/avr5/libm.a(fp_round.o)
 .bss           0x00800579        0x0 /usr/lib/gcc/avr/14.1.0/../../../../avr/lib/avr5/libm.a(fp_split3.o)
 .bss           0x00800579        0x0 /usr/lib/gcc/avr/14.1.0/../../../../avr/lib/avr5/libm.a(fp_zero.o)
 .bss           0x00800579        0x0 /usr/lib/gcc/avr/14.1.0/../../../../avr/lib/avr5/libm.a(mulsf3.o)
 .bss           0x00800579        0x0 /usr/lib/gcc/avr/14.1.0/../../../../avr/lib/avr5/libm.a(mulsf3x.o)
 .bss           0x00800579        0x0 /usr/lib/gcc/avr/14.1.0/../../../../avr/lib/avr5/libc.a(itoa_ncheck.o)
 .bss           0x00800579        0x0 /usr/lib/gcc/avr/14.1.0/../../../../avr/lib/avr5/libc.a(utoa_ncheck.o)
 .bss           0x00800579        0x0 /usr/lib/gcc/avr/14.1.0/../../../../avr/lib/avr5/libc.a(strrev.o)
 *(.bss*)
 *(COMMON)
                0x00800579                        PROVIDE (__bss_end = .)
                0x00001762                        __data_load_start = LOADADDR (.data)
                0x00001bda                        __data_load_end = (__data_load_start + SIZEOF (.data))

.noinit         0x00800579        0x0
                [!provide]                        PROVIDE (__noinit_start = .)
 *(.noinit .noinit.* .gnu.linkonce.n.*)
                [!provide]                        PROVIDE (__noinit_end = .)
                0x00800579                        _end = .
                [!provide]                        PROVIDE (__heap_start = .)
                [!provide]                        PROVIDE (__flmap_init_label = DEFINED (__flmap_noinit_start)?__flmap_noinit_start:0x0)
                [!provide]                        PROVIDE (__flmap = DEFINED (__flmap)?__flmap:0x0)

.eeprom         0x00810000        0x0
 *(.eeprom*)
                0x00810000                        __eeprom_end = .

.fuse
 *(.fuse)
 *(.lfuse)
 *(.hfuse)
 *(.efuse)

.lock
 *(.lock*)

.signature
 *(.signature*)

.stab
 *(.stab)

.stabstr
 *(.stabstr)

.stab.excl
 *(.stab.excl)

.stab.exclstr
 *(.stab.exclstr)

.stab.index
 *(.stab.index)

.stab.indexstr
 *(.stab.indexstr)

.comment        0x00000000       0x22
 *(.comment)
 .comment       0x00000000       0x22 main.o
                                 0x23 (size before relaxing)
 .comment       0x00000022       0x23 ../lib//libstatique.a(interpreteur.o)
 .comment       0x00000022       0x23 ../lib//libstatique.a(lectureMemoire.o)
 .comment       0x00000022       0x23 ../lib//libstatique.a(LED.o)
 .comment       0x00000022       0x23 ../lib//libstatique.a(memoire_24.o)
 .comment       0x00000022       0x23 ../lib//libstatique.a(motor.o)
 .comment       0x00000022       0x23 ../lib//libstatique.a(robot.o)
 .comment       0x00000022       0x23 ../lib//libstatique.a(son.o)
 .comment       0x00000022       0x23 ../lib//libstatique.a(timer.o)
 .comment       0x00000022       0x23 ../lib//libstatique.a(wheel.o)
 .comment       0x00000022       0x23 ../lib//libstatique.a(debug.o)
 .comment       0x00000022       0x23 ../lib//libstatique.a(UART.o)

.note.gnu.avr.deviceinfo
                0x00000000       0x40
 .note.gnu.avr.deviceinfo
                0x00000000       0x40 /usr/lib/gcc/avr/14.1.0/../../../../avr/lib/avr5/crtatmega324pa.o

.gnu.build.attributes
 *(.gnu.build.attributes .gnu.build.attributes.*)

.note.gnu.build-id
 *(.note.gnu.build-id)

.debug
 *(.debug)

.line
 *(.line)

.debug_srcinfo
 *(.debug_srcinfo)

.debug_sfnames
 *(.debug_sfnames)

.debug_aranges  0x00000000      0x228
 *(.debug_aranges)
 .debug_aranges
                0x00000000       0x20 main.o
 .debug_aranges
                0x00000020       0x20 ../lib//libstatique.a(interpreteur.o)
 .debug_aranges
                0x00000040       0x20 ../lib//libstatique.a(lectureMemoire.o)
 .debug_aranges
                0x00000060       0x20 ../lib//libstatique.a(LED.o)
 .debug_aranges
                0x00000080       0x20 ../lib//libstatique.a(memoire_24.o)
 .debug_aranges
                0x000000a0       0x20 ../lib//libstatique.a(motor.o)
 .debug_aranges
                0x000000c0       0x20 ../lib//libstatique.a(robot.o)
 .debug_aranges
                0x000000e0       0x20 ../lib//libstatique.a(son.o)
 .debug_aranges
                0x00000100       0x20 ../lib//libstatique.a(timer.o)
 .debug_aranges
                0x00000120       0x20 ../lib//libstatique.a(wheel.o)
 .debug_aranges
                0x00000140       0x28 ../lib//libstatique.a(debug.o)
 .debug_aranges
                0x00000168       0x20 ../lib//libstatique.a(UART.o)
 .debug_aranges
                0x00000188       0x20 /usr/lib/gcc/avr/14.1.0/avr5/libgcc.a(_exit.o)
 .debug_aranges
                0x000001a8       0x20 /usr/lib/gcc/avr/14.1.0/avr5/libgcc.a(_copy_data.o)
 .debug_aranges
                0x000001c8       0x20 /usr/lib/gcc/avr/14.1.0/avr5/libgcc.a(_clear_bss.o)
 .debug_aranges
                0x000001e8       0x20 /usr/lib/gcc/avr/14.1.0/avr5/libgcc.a(_ctors.o)
 .debug_aranges
                0x00000208       0x20 /usr/lib/gcc/avr/14.1.0/avr5/libgcc.a(_tablejump2.o)

.debug_pubnames
 *(.debug_pubnames)

.debug_info     0x00000000     0x66e2
 *(.debug_info .gnu.linkonce.wi.*)
 .debug_info    0x00000000      0x6cc /usr/lib/gcc/avr/14.1.0/../../../../avr/lib/avr5/crtatmega324pa.o
 .debug_info    0x000006cc      0xb6a main.o
 .debug_info    0x00001236     0x11c9 ../lib//libstatique.a(interpreteur.o)
 .debug_info    0x000023ff      0x538 ../lib//libstatique.a(lectureMemoire.o)
 .debug_info    0x00002937      0x531 ../lib//libstatique.a(LED.o)
 .debug_info    0x00002e68      0x5fc ../lib//libstatique.a(memoire_24.o)
 .debug_info    0x00003464      0xbc7 ../lib//libstatique.a(motor.o)
 .debug_info    0x0000402b      0xc3a ../lib//libstatique.a(robot.o)
 .debug_info    0x00004c65      0x5df ../lib//libstatique.a(son.o)
 .debug_info    0x00005244      0x6da ../lib//libstatique.a(timer.o)
 .debug_info    0x0000591e      0x6d3 ../lib//libstatique.a(wheel.o)
 .debug_info    0x00005ff1      0x42f ../lib//libstatique.a(debug.o)
 .debug_info    0x00006420      0x20e ../lib//libstatique.a(UART.o)
 .debug_info    0x0000662e       0x24 /usr/lib/gcc/avr/14.1.0/avr5/libgcc.a(_exit.o)
 .debug_info    0x00006652       0x24 /usr/lib/gcc/avr/14.1.0/avr5/libgcc.a(_copy_data.o)
 .debug_info    0x00006676       0x24 /usr/lib/gcc/avr/14.1.0/avr5/libgcc.a(_clear_bss.o)
 .debug_info    0x0000669a       0x24 /usr/lib/gcc/avr/14.1.0/avr5/libgcc.a(_ctors.o)
 .debug_info    0x000066be       0x24 /usr/lib/gcc/avr/14.1.0/avr5/libgcc.a(_tablejump2.o)

.debug_abbrev   0x00000000     0x23b9
 *(.debug_abbrev)
 .debug_abbrev  0x00000000      0x66e /usr/lib/gcc/avr/14.1.0/../../../../avr/lib/avr5/crtatmega324pa.o
 .debug_abbrev  0x0000066e      0x25c main.o
 .debug_abbrev  0x000008ca      0x3f5 ../lib//libstatique.a(interpreteur.o)
 .debug_abbrev  0x00000cbf      0x1f8 ../lib//libstatique.a(lectureMemoire.o)
 .debug_abbrev  0x00000eb7      0x20b ../lib//libstatique.a(LED.o)
 .debug_abbrev  0x000010c2      0x2e4 ../lib//libstatique.a(memoire_24.o)
 .debug_abbrev  0x000013a6      0x2ae ../lib//libstatique.a(motor.o)
 .debug_abbrev  0x00001654      0x27a ../lib//libstatique.a(robot.o)
 .debug_abbrev  0x000018ce      0x2dd ../lib//libstatique.a(son.o)
 .debug_abbrev  0x00001bab      0x1f8 ../lib//libstatique.a(timer.o)
 .debug_abbrev  0x00001da3      0x249 ../lib//libstatique.a(wheel.o)
 .debug_abbrev  0x00001fec      0x22f ../lib//libstatique.a(debug.o)
 .debug_abbrev  0x0000221b      0x13a ../lib//libstatique.a(UART.o)
 .debug_abbrev  0x00002355       0x14 /usr/lib/gcc/avr/14.1.0/avr5/libgcc.a(_exit.o)
 .debug_abbrev  0x00002369       0x14 /usr/lib/gcc/avr/14.1.0/avr5/libgcc.a(_copy_data.o)
 .debug_abbrev  0x0000237d       0x14 /usr/lib/gcc/avr/14.1.0/avr5/libgcc.a(_clear_bss.o)
 .debug_abbrev  0x00002391       0x14 /usr/lib/gcc/avr/14.1.0/avr5/libgcc.a(_ctors.o)
 .debug_abbrev  0x000023a5       0x14 /usr/lib/gcc/avr/14.1.0/avr5/libgcc.a(_tablejump2.o)

.debug_line     0x00000000     0x3a53
 *(.debug_line .debug_line.* .debug_line_end)
 .debug_line    0x00000000       0x1d /usr/lib/gcc/avr/14.1.0/../../../../avr/lib/avr5/crtatmega324pa.o
 .debug_line    0x0000001d       0xc6 main.o
 .debug_line    0x000000e3      0x899 ../lib//libstatique.a(interpreteur.o)
 .debug_line    0x0000097c      0x206 ../lib//libstatique.a(lectureMemoire.o)
 .debug_line    0x00000b82      0x4e9 ../lib//libstatique.a(LED.o)
 .debug_line    0x0000106b      0xe8a ../lib//libstatique.a(memoire_24.o)
 .debug_line    0x00001ef5      0x41b ../lib//libstatique.a(motor.o)
 .debug_line    0x00002310      0x27b ../lib//libstatique.a(robot.o)
 .debug_line    0x0000258b      0x233 ../lib//libstatique.a(son.o)
 .debug_line    0x000027be      0x9a5 ../lib//libstatique.a(timer.o)
 .debug_line    0x00003163      0x397 ../lib//libstatique.a(wheel.o)
 .debug_line    0x000034fa      0x17f ../lib//libstatique.a(debug.o)
 .debug_line    0x00003679      0x1a3 ../lib//libstatique.a(UART.o)
 .debug_line    0x0000381c       0x51 /usr/lib/gcc/avr/14.1.0/avr5/libgcc.a(_exit.o)
 .debug_line    0x0000386d       0x87 /usr/lib/gcc/avr/14.1.0/avr5/libgcc.a(_copy_data.o)
 .debug_line    0x000038f4       0x75 /usr/lib/gcc/avr/14.1.0/avr5/libgcc.a(_clear_bss.o)
 .debug_line    0x00003969       0x81 /usr/lib/gcc/avr/14.1.0/avr5/libgcc.a(_ctors.o)
 .debug_line    0x000039ea       0x69 /usr/lib/gcc/avr/14.1.0/avr5/libgcc.a(_tablejump2.o)

.debug_frame    0x00000000      0x8dc
 *(.debug_frame)
 .debug_frame   0x00000000       0x2c main.o
 .debug_frame   0x0000002c       0xac ../lib//libstatique.a(interpreteur.o)
 .debug_frame   0x000000d8       0xd8 ../lib//libstatique.a(lectureMemoire.o)
 .debug_frame   0x000001b0       0xd8 ../lib//libstatique.a(LED.o)
 .debug_frame   0x00000288       0xd4 ../lib//libstatique.a(memoire_24.o)
 .debug_frame   0x0000035c      0x100 ../lib//libstatique.a(motor.o)
 .debug_frame   0x0000045c       0xc4 ../lib//libstatique.a(robot.o)
 .debug_frame   0x00000520       0xfc ../lib//libstatique.a(son.o)
 .debug_frame   0x0000061c      0x120 ../lib//libstatique.a(timer.o)
 .debug_frame   0x0000073c       0xc8 ../lib//libstatique.a(wheel.o)
 .debug_frame   0x00000804       0x70 ../lib//libstatique.a(debug.o)
 .debug_frame   0x00000874       0x68 ../lib//libstatique.a(UART.o)

.debug_str      0x00000000     0x13cb
 *(.debug_str)
 .debug_str     0x00000000      0x255 /usr/lib/gcc/avr/14.1.0/../../../../avr/lib/avr5/crtatmega324pa.o
 .debug_str     0x00000255     0x1176 main.o
                                0xb61 (size before relaxing)
 .debug_str     0x000013cb      0xc33 ../lib//libstatique.a(interpreteur.o)
 .debug_str     0x000013cb      0x448 ../lib//libstatique.a(lectureMemoire.o)
 .debug_str     0x000013cb      0x2c9 ../lib//libstatique.a(LED.o)
 .debug_str     0x000013cb      0x3a7 ../lib//libstatique.a(memoire_24.o)
 .debug_str     0x000013cb      0x63c ../lib//libstatique.a(motor.o)
 .debug_str     0x000013cb      0x82f ../lib//libstatique.a(robot.o)
 .debug_str     0x000013cb      0x450 ../lib//libstatique.a(son.o)
 .debug_str     0x000013cb      0x3da ../lib//libstatique.a(timer.o)
 .debug_str     0x000013cb      0x4cb ../lib//libstatique.a(wheel.o)
 .debug_str     0x000013cb      0x2e7 ../lib//libstatique.a(debug.o)
 .debug_str     0x000013cb      0x226 ../lib//libstatique.a(UART.o)
 .debug_str     0x000013cb       0x7d /usr/lib/gcc/avr/14.1.0/avr5/libgcc.a(_exit.o)
 .debug_str     0x000013cb       0x7d /usr/lib/gcc/avr/14.1.0/avr5/libgcc.a(_copy_data.o)
 .debug_str     0x000013cb       0x7d /usr/lib/gcc/avr/14.1.0/avr5/libgcc.a(_clear_bss.o)
 .debug_str     0x000013cb       0x7d /usr/lib/gcc/avr/14.1.0/avr5/libgcc.a(_ctors.o)
 .debug_str     0x000013cb       0x7d /usr/lib/gcc/avr/14.1.0/avr5/libgcc.a(_tablejump2.o)

.debug_loc
 *(.debug_loc)

.debug_macinfo
 *(.debug_macinfo)

.debug_weaknames
 *(.debug_weaknames)

.debug_funcnames
 *(.debug_funcnames)

.debug_typenames
 *(.debug_typenames)

.debug_varnames
 *(.debug_varnames)

.debug_pubtypes
 *(.debug_pubtypes)

.debug_ranges
 *(.debug_ranges)

.debug_addr
 *(.debug_addr)

.debug_line_str
                0x00000000      0x249
 *(.debug_line_str)
 .debug_line_str
                0x00000000      0x249 main.o
                                0x131 (size before relaxing)
 .debug_line_str
                0x00000249      0x15e ../lib//libstatique.a(interpreteur.o)
 .debug_line_str
                0x00000249       0xfd ../lib//libstatique.a(lectureMemoire.o)
 .debug_line_str
                0x00000249       0xee ../lib//libstatique.a(LED.o)
 .debug_line_str
                0x00000249       0xde ../lib//libstatique.a(memoire_24.o)
 .debug_line_str
                0x00000249      0x108 ../lib//libstatique.a(motor.o)
 .debug_line_str
                0x00000249      0x11a ../lib//libstatique.a(robot.o)
 .debug_line_str
                0x00000249       0xd8 ../lib//libstatique.a(son.o)
 .debug_line_str
                0x00000249       0xd6 ../lib//libstatique.a(timer.o)
 .debug_line_str
                0x00000249       0xe0 ../lib//libstatique.a(wheel.o)
 .debug_line_str
                0x00000249       0xd4 ../lib//libstatique.a(debug.o)
 .debug_line_str
                0x00000249       0xc8 ../lib//libstatique.a(UART.o)
 .debug_line_str
                0x00000249       0x71 /usr/lib/gcc/avr/14.1.0/avr5/libgcc.a(_exit.o)
 .debug_line_str
                0x00000249       0x71 /usr/lib/gcc/avr/14.1.0/avr5/libgcc.a(_copy_data.o)
 .debug_line_str
                0x00000249       0x71 /usr/lib/gcc/avr/14.1.0/avr5/libgcc.a(_clear_bss.o)
 .debug_line_str
                0x00000249       0x71 /usr/lib/gcc/avr/14.1.0/avr5/libgcc.a(_ctors.o)
 .debug_line_str
                0x00000249       0x71 /usr/lib/gcc/avr/14.1.0/avr5/libgcc.a(_tablejump2.o)

.debug_loclists
                0x00000000     0x1cce
 *(.debug_loclists)
 .debug_loclists
                0x00000000      0x7bb ../lib//libstatique.a(interpreteur.o)
 .debug_loclists
                0x000007bb       0xe3 ../lib//libstatique.a(lectureMemoire.o)
 .debug_loclists
                0x0000089e      0x209 ../lib//libstatique.a(LED.o)
 .debug_loclists
                0x00000aa7      0x32b ../lib//libstatique.a(memoire_24.o)
 .debug_loclists
                0x00000dd2      0x2e2 ../lib//libstatique.a(motor.o)
 .debug_loclists
                0x000010b4      0x23a ../lib//libstatique.a(robot.o)
 .debug_loclists
                0x000012ee      0x160 ../lib//libstatique.a(son.o)
 .debug_loclists
                0x0000144e      0x3d0 ../lib//libstatique.a(timer.o)
 .debug_loclists
                0x0000181e      0x2e2 ../lib//libstatique.a(wheel.o)
 .debug_loclists
                0x00001b00       0xea ../lib//libstatique.a(debug.o)
 .debug_loclists
                0x00001bea       0xe4 ../lib//libstatique.a(UART.o)

.debug_macro
 *(.debug_macro)

.debug_names
 *(.debug_names)

.debug_rnglists
                0x00000000       0xc2
 *(.debug_rnglists)
 .debug_rnglists
                0x00000000       0x13 main.o
 .debug_rnglists
                0x00000013       0x3e ../lib//libstatique.a(interpreteur.o)
 .debug_rnglists
                0x00000051       0x13 ../lib//libstatique.a(motor.o)
 .debug_rnglists
                0x00000064       0x13 ../lib//libstatique.a(robot.o)
 .debug_rnglists
                0x00000077       0x14 ../lib//libstatique.a(son.o)
 .debug_rnglists
                0x0000008b       0x1e ../lib//libstatique.a(wheel.o)
 .debug_rnglists
                0x000000a9       0x19 ../lib//libstatique.a(debug.o)

.debug_str_offsets
 *(.debug_str_offsets)

.debug_sup
 *(.debug_sup)
OUTPUT(tp7.elf elf32-avr)
LOAD linker stubs
